 a

 Timestamp is 5a8deb39 (Wed Feb 21 22:57:13 2018)

 Preferred load address is 00400000

 Start         Length     Name                   Class
 0001:00000000 00012459H .textbss                DATA
 0002:00000000 00003e60H .text$di                CODE
 0002:00003e60 000242d0H .text$mn                CODE
 0002:00028130 00002ec0H .text$x                 CODE
 0002:0002aff0 00001012H .text$yd                CODE
 0003:00000000 00000104H .CRT$XCA                DATA
 0003:00000104 00000104H .CRT$XCAA               DATA
 0003:00000208 00000104H .CRT$XCL                DATA
 0003:0000030c 00000104H .CRT$XCZ                DATA
 0003:00000410 00000104H .CRT$XIA                DATA
 0003:00000514 00000104H .CRT$XIAA               DATA
 0003:00000618 00000104H .CRT$XIAC               DATA
 0003:0000071c 00000104H .CRT$XIZ                DATA
 0003:00000820 00000104H .CRT$XPA                DATA
 0003:00000924 00000104H .CRT$XPZ                DATA
 0003:00000a28 00000104H .CRT$XTA                DATA
 0003:00000b2c 00000104H .CRT$XTZ                DATA
 0003:00000c30 00003464H .rdata                  DATA
 0003:00004094 00000688H .rdata$r                DATA
 0003:0000471c 00000174H .rdata$zzzdbg           DATA
 0003:00004890 00000104H .rtc$IAA                DATA
 0003:00004994 00000110H .rtc$IMZ                DATA
 0003:00004aa4 00000104H .rtc$IZZ                DATA
 0003:00004ba8 00000104H .rtc$TAA                DATA
 0003:00004cac 00000110H .rtc$TMZ                DATA
 0003:00004dbc 00000104H .rtc$TZZ                DATA
 0003:00004ec0 0000201dH .xdata$x                DATA
 0003:00006edd 00000000H .edata                  DATA
 0004:00000000 00000148H .data                   DATA
 0004:00000148 000003f8H .data$r                 DATA
 0004:00000540 00000464H .bss                    DATA
 0005:00000000 0000038cH .idata$5                DATA
 0005:0000038c 00000050H .idata$2                DATA
 0005:000003dc 00000014H .idata$3                DATA
 0005:000003f0 0000038cH .idata$4                DATA
 0005:0000077c 0000176eH .idata$6                DATA
 0006:00000000 00000104H .00cfg                  DATA
 0007:00000000 00000170H .rsrc$01                DATA
 0007:00000170 000002ccH .rsrc$02                DATA

  Address         Publics by Value              Rva+Base       Lib:Object

 0000:00000000       ___guard_longjmp_table     00000000     <absolute>
 0000:00000000       ___guard_iat_count         00000000     <absolute>
 0000:00000000       ___guard_iat_table         00000000     <absolute>
 0000:00000000       ___guard_fids_count        00000000     <absolute>
 0000:00000000       ___safe_se_handler_table   00000000     <absolute>
 0000:00000000       ___safe_se_handler_count   00000000     <absolute>
 0000:00000000       ___dynamic_value_reloc_table 00000000     <absolute>
 0000:00000000       ___guard_fids_table        00000000     <absolute>
 0000:00000000       ___guard_longjmp_count     00000000     <absolute>
 0000:00000100       ___guard_flags             00000100     <absolute>
 0000:00000000       ___ImageBase               00400000     <linker-defined>
 0001:00000000       __enc$textbss$begin        00401000     <linker-defined>
 0001:00012459       __enc$textbss$end          00413459     <linker-defined>
 0002:00003e60       ??$?0$$V@?$_Compressed_pair@U?$_Wrap_alloc@V?$allocator@D@std@@@std@@V?$_String_val@U?$_Simple_types@D@std@@@2@$00@std@@QAE@U_Zero_then_variadic_args_t@1@@Z 00417e60 f i GlobalData.obj
 0002:00003ec0       ??$?0AAU?$_Wrap_alloc@V?$allocator@D@std@@@std@@@?$_Wrap_alloc@V?$allocator@U_Container_proxy@std@@@std@@@std@@QAE@AAU?$_Wrap_alloc@V?$allocator@D@std@@@1@@Z 00417ec0 f i GlobalData.obj
 0002:00003f30       ??$?0D@?$allocator@U_Container_proxy@std@@@std@@QAE@ABV?$allocator@D@1@@Z 00417f30 f i GlobalData.obj
 0002:00003f70       ??$?6U?$char_traits@D@std@@@std@@YAAAV?$basic_ostream@DU?$char_traits@D@std@@@0@AAV10@PBD@Z 00417f70 f i GlobalData.obj
 0002:00004410       ?min@Grid@@AAENPANH@Z      00418410 f   Grid.obj
 0002:000044a0       __vfprintf_l               004184a0 f i Grid.obj
 0002:00004540       ??$_Fgetc@D@std@@YA_NAADPAU_iobuf@@@Z 00418540 f i GlobalData.obj
 0002:000045c0       ??$_Fputc@D@std@@YA_NDPAU_iobuf@@@Z 004185c0 f i GlobalData.obj
 0002:00004650       ??$_Unfancy@$$CBD@std@@YAPBDPBD@Z 00418650 f i GlobalData.obj
 0002:00004690       ??$_Unfancy@D@std@@YAPADPAD@Z 00418690 f i GlobalData.obj
 0002:000046d0       ??$_Unfancy@U_Container_proxy@std@@@std@@YAPAU_Container_proxy@0@PAU10@@Z 004186d0 f i GlobalData.obj
 0002:00004710       ??$_Ungetc@D@std@@YA_NABDPAU_iobuf@@@Z 00418710 f i GlobalData.obj
 0002:000047a0       ??$addressof@D@std@@YAPADAAD@Z 004187a0 f i GlobalData.obj
 0002:000047e0       ??$addressof@PAD@std@@YAPAPADAAPAD@Z 004187e0 f i GlobalData.obj
 0002:00004820       ??$addressof@U_Container_proxy@std@@@std@@YAPAU_Container_proxy@0@AAU10@@Z 00418820 f i GlobalData.obj
 0002:00004860       ??$addressof@V?$_String_val@U?$_Simple_types@D@std@@@std@@@std@@YAPAV?$_String_val@U?$_Simple_types@D@std@@@0@AAV10@@Z 00418860 f i GlobalData.obj
 0002:000048a0       ??$construct@PADAAPAD@?$_Wrap_alloc@V?$allocator@D@std@@@std@@QAEXPAPADAAPAD@Z 004188a0 f i GlobalData.obj
 0002:00004910       ??$construct@PADAAPAD@?$allocator@D@std@@QAEXPAPADAAPAD@Z 00418910 f i GlobalData.obj
 0002:000049c0       ??$construct@PADAAPAD@?$allocator_traits@V?$allocator@D@std@@@std@@SAXAAV?$allocator@D@1@PAPADAAPAD@Z 004189c0 f i GlobalData.obj
 0002:00004a20       ??$construct@U_Container_proxy@std@@U12@@?$_Wrap_alloc@V?$allocator@U_Container_proxy@std@@@std@@@std@@QAEXPAU_Container_proxy@1@$$QAU21@@Z 00418a20 f i GlobalData.obj
 0002:00004a90       ??$construct@U_Container_proxy@std@@U12@@?$allocator@U_Container_proxy@std@@@std@@QAEXPAU_Container_proxy@1@$$QAU21@@Z 00418a90 f i GlobalData.obj
 0002:00004b40       ??$construct@U_Container_proxy@std@@U12@@?$allocator_traits@V?$allocator@U_Container_proxy@std@@@std@@@std@@SAXAAV?$allocator@U_Container_proxy@std@@@1@PAU_Container_proxy@1@$$QAU31@@Z 00418b40 f i GlobalData.obj
 0002:00004ba0       ??$destroy@PAD@?$_Wrap_alloc@V?$allocator@D@std@@@std@@QAEXPAPAD@Z 00418ba0 f i GlobalData.obj
 0002:00004c00       ??$destroy@PAD@?$allocator@D@std@@QAEXPAPAD@Z 00418c00 f i GlobalData.obj
 0002:00004c40       ??$destroy@PAD@?$allocator_traits@V?$allocator@D@std@@@std@@SAXAAV?$allocator@D@1@PAPAD@Z 00418c40 f i GlobalData.obj
 0002:00004c90       ??$destroy@U_Container_proxy@std@@@?$_Wrap_alloc@V?$allocator@U_Container_proxy@std@@@std@@@std@@QAEXPAU_Container_proxy@1@@Z 00418c90 f i GlobalData.obj
 0002:00004cf0       ??$destroy@U_Container_proxy@std@@@?$allocator@U_Container_proxy@std@@@std@@QAEXPAU_Container_proxy@1@@Z 00418cf0 f i GlobalData.obj
 0002:00004d30       ??$destroy@U_Container_proxy@std@@@?$allocator_traits@V?$allocator@U_Container_proxy@std@@@std@@@std@@SAXAAV?$allocator@U_Container_proxy@std@@@1@PAU_Container_proxy@1@@Z 00418d30 f i GlobalData.obj
 0002:00004d80       ??$endl@DU?$char_traits@D@std@@@std@@YAAAV?$basic_ostream@DU?$char_traits@D@std@@@0@AAV10@@Z 00418d80 f i GlobalData.obj
 0002:00004e20       ??$forward@AAPAD@std@@YAAAPADAAPAD@Z 00418e20 f i GlobalData.obj
 0002:00004e60       ??$forward@AAU?$_Wrap_alloc@V?$allocator@D@std@@@std@@@std@@YAAAU?$_Wrap_alloc@V?$allocator@D@std@@@0@AAU10@@Z 00418e60 f i GlobalData.obj
 0002:00004ea0       ??$forward@U_Container_proxy@std@@@std@@YA$$QAU_Container_proxy@0@AAU10@@Z 00418ea0 f i GlobalData.obj
 0002:00004ee0       ??$use_facet@V?$codecvt@DDU_Mbstatet@@@std@@@std@@YAABV?$codecvt@DDU_Mbstatet@@@0@ABVlocale@0@@Z 00418ee0 f i GlobalData.obj
 0002:000050f0       ??0?$_Iterator012@Urandom_access_iterator_tag@std@@DHPBDABDU_Iterator_base12@2@@std@@QAE@XZ 004190f0 f i GlobalData.obj
 0002:00005150       ??0?$_String_alloc@U?$_String_base_types@DV?$allocator@D@std@@@std@@@std@@QAE@XZ 00419150 f i GlobalData.obj
 0002:00005200       ??0?$_String_const_iterator@V?$_String_val@U?$_Simple_types@D@std@@@std@@@std@@QAE@PBDPBU_Container_base12@1@@Z 00419200 f i GlobalData.obj
 0002:000052c0       ??0?$_String_iterator@V?$_String_val@U?$_Simple_types@D@std@@@std@@@std@@QAE@PADPBU_Container_base12@1@@Z 004192c0 f i GlobalData.obj
 0002:00005320       ??0?$_String_val@U?$_Simple_types@D@std@@@std@@QAE@XZ 00419320 f i GlobalData.obj
 0002:000053e0       ??0?$_Wrap_alloc@V?$allocator@D@std@@@std@@QAE@XZ 004193e0 f i GlobalData.obj
 0002:00005440       ??0?$allocator@D@std@@QAE@XZ 00419440 f i GlobalData.obj
 0002:00005480       ??0?$basic_filebuf@DU?$char_traits@D@std@@@std@@QAE@PAU_iobuf@@@Z 00419480 f i GlobalData.obj
 0002:00005550       ??0?$basic_fstream@DU?$char_traits@D@std@@@std@@QAE@XZ 00419550 f i GlobalData.obj
 0002:000056b0       ??0?$basic_string@DU?$char_traits@D@std@@V?$allocator@D@2@@std@@QAE@ID@Z 004196b0 f i GlobalData.obj
 0002:00005770       ??0?$basic_string@DU?$char_traits@D@std@@V?$allocator@D@2@@std@@QAE@XZ 00419770 f i GlobalData.obj
 0002:00005810       ??0?$fpos@U_Mbstatet@@@std@@QAE@U_Mbstatet@@_J@Z 00419810 f i GlobalData.obj
 0002:00005890       ??0?$fpos@U_Mbstatet@@@std@@QAE@_J@Z 00419890 f i GlobalData.obj
 0002:00005910       ??0GlobalData@@QAE@XZ      00419910 f   GlobalData.obj
 0002:00005c20       ??0_Bxty@?$_String_val@U?$_Simple_types@D@std@@@std@@QAE@XZ 00419c20 f i GlobalData.obj
 0002:00005c60       ??0_Container_base12@std@@QAE@XZ 00419c60 f i GlobalData.obj
 0002:00005cb0       ??0_Container_proxy@std@@QAE@XZ 00419cb0 f i GlobalData.obj
 0002:00005d00       ??0_Iterator_base12@std@@QAE@XZ 00419d00 f i GlobalData.obj
 0002:00005d50       ??0_Sentry_base@?$basic_ostream@DU?$char_traits@D@std@@@std@@QAE@AAV12@@Z 00419d50 f i GlobalData.obj
 0002:00005e40       ??0bad_cast@std@@QAE@ABV01@@Z 00419e40 f i GlobalData.obj
 0002:00005eb0       ??0bad_cast@std@@QAE@XZ    00419eb0 f i GlobalData.obj
 0002:00005f20       ??0exception@std@@QAE@ABV01@@Z 00419f20 f i GlobalData.obj
 0002:00005fb0       ??0exception@std@@QAE@QBDH@Z 00419fb0 f i GlobalData.obj
 0002:00006020       ??0sentry@?$basic_ostream@DU?$char_traits@D@std@@@std@@QAE@AAV12@@Z 0041a020 f i GlobalData.obj
 0002:000061a0       ??1?$_Compressed_pair@U?$_Wrap_alloc@V?$allocator@D@std@@@std@@V?$_String_val@U?$_Simple_types@D@std@@@2@$00@std@@QAE@XZ 0041a1a0 f i GlobalData.obj
 0002:000061f0       ??1?$_Iterator012@Urandom_access_iterator_tag@std@@DHPBDABDU_Iterator_base12@2@@std@@QAE@XZ 0041a1f0 f i GlobalData.obj
 0002:00006240       ??1?$_String_alloc@U?$_String_base_types@DV?$allocator@D@std@@@std@@@std@@QAE@XZ 0041a240 f i GlobalData.obj
 0002:000062d0       ??1?$_String_const_iterator@V?$_String_val@U?$_Simple_types@D@std@@@std@@@std@@QAE@XZ 0041a2d0 f i GlobalData.obj
 0002:00006320       ??1?$_String_iterator@V?$_String_val@U?$_Simple_types@D@std@@@std@@@std@@QAE@XZ 0041a320 f i GlobalData.obj
 0002:00006370       ??1?$_String_val@U?$_Simple_types@D@std@@@std@@QAE@XZ 0041a370 f i GlobalData.obj
 0002:000063d0       ??1?$basic_filebuf@DU?$char_traits@D@std@@@std@@UAE@XZ 0041a3d0 f i GlobalData.obj
 0002:000064a0       ??1?$basic_fstream@DU?$char_traits@D@std@@@std@@UAE@XZ 0041a4a0 f i GlobalData.obj
 0002:00006550       ??1?$basic_string@DU?$char_traits@D@std@@V?$allocator@D@2@@std@@QAE@XZ 0041a550 f i GlobalData.obj
 0002:000065e0       ??1_Bxty@?$_String_val@U?$_Simple_types@D@std@@@std@@QAE@XZ 0041a5e0 f i GlobalData.obj
 0002:00006620       ??1_Container_base12@std@@QAE@XZ 0041a620 f i GlobalData.obj
 0002:000066b0       ??1_Iterator_base12@std@@QAE@XZ 0041a6b0 f i GlobalData.obj
 0002:000067b0       ??1_Sentry_base@?$basic_ostream@DU?$char_traits@D@std@@@std@@QAE@XZ 0041a7b0 f i GlobalData.obj
 0002:000068d0       ??1bad_cast@std@@UAE@XZ    0041a8d0 f i GlobalData.obj
 0002:00006920       ??1exception@std@@UAE@XZ   0041a920 f i GlobalData.obj
 0002:00006990       ??1locale@std@@QAE@XZ      0041a990 f i GlobalData.obj
 0002:00006aa0       ??1sentry@?$basic_ostream@DU?$char_traits@D@std@@@std@@QAE@XZ 0041aaa0 f i GlobalData.obj
 0002:00006b60       ??2@YAPAXIPAX@Z            0041ab60 f i GlobalData.obj
 0002:00006ba0       ??B?$fpos@U_Mbstatet@@@std@@QBE_JXZ 0041aba0 f i GlobalData.obj
 0002:00006bf0       ??Bsentry@?$basic_ostream@DU?$char_traits@D@std@@@std@@QBE_NXZ 0041abf0 f i GlobalData.obj
 0002:00006c30       ??D?$_String_const_iterator@V?$_String_val@U?$_Simple_types@D@std@@@std@@@std@@QBEABDXZ 0041ac30 f i GlobalData.obj
 0002:00006df0       ??D?$_String_iterator@V?$_String_val@U?$_Simple_types@D@std@@@std@@@std@@QBEAADXZ 0041adf0 f i GlobalData.obj
 0002:00006e40       ??_D?$basic_fstream@DU?$char_traits@D@std@@@std@@QAEXXZ 0041ae40 f i GlobalData.obj
 0002:00006eac       ??_E?$basic_fstream@DU?$char_traits@D@std@@@std@@$4PPPPPPPM@A@AEPAXI@Z 0041aeac f i GlobalData.obj
 0002:00006ec0       ??_G?$basic_filebuf@DU?$char_traits@D@std@@@std@@UAEPAXI@Z 0041aec0 f i GlobalData.obj
 0002:00006ec0       ??_E?$basic_filebuf@DU?$char_traits@D@std@@@std@@UAEPAXI@Z 0041aec0 f i GlobalData.obj
 0002:00006f30       ??_G?$basic_fstream@DU?$char_traits@D@std@@@std@@UAEPAXI@Z 0041af30 f i GlobalData.obj
 0002:00006f30       ??_E?$basic_fstream@DU?$char_traits@D@std@@@std@@UAEPAXI@Z 0041af30 f i GlobalData.obj
 0002:00006fb0       ??_Gbad_cast@std@@UAEPAXI@Z 0041afb0 f i GlobalData.obj
 0002:00006fb0       ??_Ebad_cast@std@@UAEPAXI@Z 0041afb0 f i GlobalData.obj
 0002:00007020       ??_Eexception@std@@UAEPAXI@Z 0041b020 f i GlobalData.obj
 0002:00007020       ??_Gexception@std@@UAEPAXI@Z 0041b020 f i GlobalData.obj
 0002:00007090       ?_Adopt@_Iterator_base12@std@@QAEXPBU_Container_base12@2@@Z 0041b090 f i GlobalData.obj
 0002:00007250       ?_Alloc_proxy@?$_String_alloc@U?$_String_base_types@DV?$allocator@D@std@@@std@@@std@@QAEXXZ 0041b250 f i GlobalData.obj
 0002:00007380       ?_Allocate@std@@YAPAXII_N@Z 0041b380 f i GlobalData.obj
 0002:000075e0       ?_Chassign@?$basic_string@DU?$char_traits@D@std@@V?$allocator@D@2@@std@@QAEXIID@Z 0041b5e0 f i GlobalData.obj
 0002:00007680       ?_Check_offset@?$basic_string@DU?$char_traits@D@std@@V?$allocator@D@2@@std@@QBEXI@Z 0041b680 f i GlobalData.obj
 0002:000076e0       ?_Copy@?$basic_string@DU?$char_traits@D@std@@V?$allocator@D@2@@std@@QAEXI@Z 0041b6e0 f i GlobalData.obj
 0002:000079a0       ?_Deallocate@std@@YAXPAXII@Z 0041b9a0 f i GlobalData.obj
 0002:00007cf0       ?resize@?$vector@IV?$allocator@_N@std@@@std@@QAEXIABI@Z 0041bcf0 f i Grid.obj
 0002:00007dc0       ?_Endwrite@?$basic_filebuf@DU?$char_traits@D@std@@@std@@IAE_NXZ 0041bdc0 f i GlobalData.obj
 0002:000082a0       ?_Eos@?$basic_string@DU?$char_traits@D@std@@V?$allocator@D@2@@std@@QAEXI@Z 0041c2a0 f i GlobalData.obj
 0002:00008330       ?_Free_proxy@?$_String_alloc@U?$_String_base_types@DV?$allocator@D@std@@@std@@@std@@QAEXXZ 0041c330 f i GlobalData.obj
 0002:00008440       ?_Get_data@?$_String_alloc@U?$_String_base_types@DV?$allocator@D@std@@@std@@@std@@QAEAAV?$_String_val@U?$_Simple_types@D@std@@@2@XZ 0041c440 f i GlobalData.obj
 0002:00008490       ?_Get_data@?$_String_alloc@U?$_String_base_types@DV?$allocator@D@std@@@std@@@std@@QBEABV?$_String_val@U?$_Simple_types@D@std@@@2@XZ 0041c490 f i GlobalData.obj
 0002:000084e0       ?_Get_first@?$_Compressed_pair@U?$_Wrap_alloc@V?$allocator@D@std@@@std@@V?$_String_val@U?$_Simple_types@D@std@@@2@$00@std@@QAEAAU?$_Wrap_alloc@V?$allocator@D@std@@@2@XZ 0041c4e0 f i GlobalData.obj
 0002:00008520       ?_Get_first@?$_Compressed_pair@U?$_Wrap_alloc@V?$allocator@D@std@@@std@@V?$_String_val@U?$_Simple_types@D@std@@@2@$00@std@@QBEABU?$_Wrap_alloc@V?$allocator@D@std@@@2@XZ 0041c520 f i GlobalData.obj
 0002:00008560       ?_Get_second@?$_Compressed_pair@U?$_Wrap_alloc@V?$allocator@D@std@@@std@@V?$_String_val@U?$_Simple_types@D@std@@@2@$00@std@@QAEAAV?$_String_val@U?$_Simple_types@D@std@@@2@XZ 0041c560 f i GlobalData.obj
 0002:000085a0       ?_Get_second@?$_Compressed_pair@U?$_Wrap_alloc@V?$allocator@D@std@@@std@@V?$_String_val@U?$_Simple_types@D@std@@@2@$00@std@@QBEABV?$_String_val@U?$_Simple_types@D@std@@@2@XZ 0041c5a0 f i GlobalData.obj
 0002:000085e0       ?_Getal@?$_String_alloc@U?$_String_base_types@DV?$allocator@D@std@@@std@@@std@@QAEAAU?$_Wrap_alloc@V?$allocator@D@std@@@2@XZ 0041c5e0 f i GlobalData.obj
 0002:00008630       ?_Getal@?$_String_alloc@U?$_String_base_types@DV?$allocator@D@std@@@std@@@std@@QBEABU?$_Wrap_alloc@V?$allocator@D@std@@@2@XZ 0041c630 f i GlobalData.obj
 0002:00008680       ?_Getcont@_Iterator_base12@std@@QBEPBU_Container_base12@2@XZ 0041c680 f i GlobalData.obj
 0002:000086f0       ?_Getfacet@locale@std@@QBEPBVfacet@12@I@Z 0041c6f0 f i GlobalData.obj
 0002:000087f0       ?_Grow@?$basic_string@DU?$char_traits@D@std@@V?$allocator@D@2@@std@@QAE_NI@Z 0041c7f0 f i GlobalData.obj
 0002:00008880       ?_Init@?$basic_filebuf@DU?$char_traits@D@std@@@std@@IAEXPAU_iobuf@@W4_Initfl@12@@Z 0041c880 f i GlobalData.obj
 0002:00008a60       ?_Initcvt@?$basic_filebuf@DU?$char_traits@D@std@@@std@@IAEXPBV?$codecvt@DDU_Mbstatet@@@2@@Z 0041ca60 f i GlobalData.obj
 0002:00008b00       ?_Large_string_engaged@?$_String_val@U?$_Simple_types@D@std@@@std@@QBE_NXZ 0041cb00 f i GlobalData.obj
 0002:00008b70       ?_Lock@?$basic_filebuf@DU?$char_traits@D@std@@@std@@UAEXXZ 0041cb70 f i GlobalData.obj
 0002:00008be0       ?_Myproxy@?$_String_alloc@U?$_String_base_types@DV?$allocator@D@std@@@std@@@std@@QAEAAPAU_Container_proxy@2@XZ 0041cbe0 f i GlobalData.obj
 0002:00008c30       ?_Myptr@?$_String_alloc@U?$_String_base_types@DV?$allocator@D@std@@@std@@@std@@QAEPADXZ 0041cc30 f i GlobalData.obj
 0002:00008c90       ?_Myptr@?$_String_val@U?$_Simple_types@D@std@@@std@@QAEPADXZ 0041cc90 f i GlobalData.obj
 0002:00008d20       ?_Myptr@?$_String_val@U?$_Simple_types@D@std@@@std@@QBEPBDXZ 0041cd20 f i GlobalData.obj
 0002:00008db0       ?_Myres@?$_String_alloc@U?$_String_base_types@DV?$allocator@D@std@@@std@@@std@@QAEAAIXZ 0041cdb0 f i GlobalData.obj
 0002:00008e10       ?_Mysize@?$_String_alloc@U?$_String_base_types@DV?$allocator@D@std@@@std@@@std@@QAEAAIXZ 0041ce10 f i GlobalData.obj
 0002:00008e70       ?_Mysize@?$_String_alloc@U?$_String_base_types@DV?$allocator@D@std@@@std@@@std@@QBEABIXZ 0041ce70 f i GlobalData.obj
 0002:00008ed0       ?_Orphan_all@?$_String_alloc@U?$_String_base_types@DV?$allocator@D@std@@@std@@@std@@QAEXXZ 0041ced0 f i GlobalData.obj
 0002:00008f30       ?_Orphan_all@_Container_base12@std@@QAEXXZ 0041cf30 f i GlobalData.obj
 0002:00009050       ?_Orphan_me@_Iterator_base12@std@@QAEXXZ 0041d050 f i GlobalData.obj
 0002:00009160       ?_Reset_back@?$basic_filebuf@DU?$char_traits@D@std@@@std@@AAEXXZ 0041d160 f i GlobalData.obj
 0002:00009200       ?_Set_back@?$basic_filebuf@DU?$char_traits@D@std@@@std@@AAEXXZ 0041d200 f i GlobalData.obj
 0002:000092e0       ?_Tidy_deallocate@?$basic_string@DU?$char_traits@D@std@@V?$allocator@D@2@@std@@QAEXXZ 0041d2e0 f i GlobalData.obj
 0002:000093f0       ?_Tidy_init@?$basic_string@DU?$char_traits@D@std@@V?$allocator@D@2@@std@@QAEXXZ 0041d3f0 f i GlobalData.obj
 0002:00009490       ?_Unlock@?$basic_filebuf@DU?$char_traits@D@std@@@std@@UAEXXZ 0041d490 f i GlobalData.obj
 0002:00009500       ?_Xlen@?$basic_string@DU?$char_traits@D@std@@V?$allocator@D@2@@std@@SAXXZ 0041d500 f i GlobalData.obj
 0002:00009560       ?_Xran@?$basic_string@DU?$char_traits@D@std@@V?$allocator@D@2@@std@@SAXXZ 0041d560 f i GlobalData.obj
 0002:000095c0       ?__empty_global_delete@@YAXPAX@Z 0041d5c0 f i GlobalData.obj
 0002:000095f0       ?__empty_global_delete@@YAXPAXI@Z 0041d5f0 f i GlobalData.obj
 0002:000095f0       ?__global_delete@@YAXPAXI@Z 0041d5f0 f i GlobalData.obj
 0002:00009620       ?address@?$_Wrap_alloc@V?$allocator@D@std@@@std@@QBEPADAAD@Z 0041d620 f i GlobalData.obj
 0002:00009680       ?address@?$_Wrap_alloc@V?$allocator@U_Container_proxy@std@@@std@@@std@@QBEPAU_Container_proxy@2@AAU32@@Z 0041d680 f i GlobalData.obj
 0002:000096e0       ?allocate@?$_Wrap_alloc@V?$allocator@D@std@@@std@@QAEPADI@Z 0041d6e0 f i GlobalData.obj
 0002:00009740       ?allocate@?$_Wrap_alloc@V?$allocator@U_Container_proxy@std@@@std@@@std@@QAEPAU_Container_proxy@2@I@Z 0041d740 f i GlobalData.obj
 0002:000097a0       ?allocate@?$allocator@D@std@@QAEPADI@Z 0041d7a0 f i GlobalData.obj
 0002:00009800       ?allocate@?$allocator@U_Container_proxy@std@@@std@@QAEPAU_Container_proxy@2@I@Z 0041d800 f i GlobalData.obj
 0002:00009860       ?append@?$basic_string@DU?$char_traits@D@std@@V?$allocator@D@2@@std@@QAEAAV12@ID@Z 0041d860 f i GlobalData.obj
 0002:00009930       ?assign@?$basic_string@DU?$char_traits@D@std@@V?$allocator@D@2@@std@@QAEAAV12@ID@Z 0041d930 f i GlobalData.obj
 0002:000099d0       ?assign@?$char_traits@D@std@@SAPADQADID@Z 0041d9d0 f i GlobalData.obj
 0002:00009a30       ?assign@?$char_traits@D@std@@SAXAADABD@Z 0041da30 f i GlobalData.obj
 0002:00009a70       ?begin@?$basic_string@DU?$char_traits@D@std@@V?$allocator@D@2@@std@@QAE?AV?$_String_iterator@V?$_String_val@U?$_Simple_types@D@std@@@std@@@2@XZ 0041da70 f i GlobalData.obj
 0002:00009b40       ?close@?$basic_filebuf@DU?$char_traits@D@std@@@std@@QAEPAV12@XZ 0041db40 f i GlobalData.obj
 0002:00009c00       ?close@?$basic_fstream@DU?$char_traits@D@std@@@std@@QAEXXZ 0041dc00 f i GlobalData.obj
 0002:00009c80       ?copy@?$char_traits@D@std@@SAPADQADQBDI@Z 0041dc80 f i GlobalData.obj
 0002:00009ce0       ?countTotalNumberOfNodesAndElements@GlobalData@@AAEXXZ 0041dce0 f   GlobalData.obj
 0002:00009d50       ?deallocate@?$_Wrap_alloc@V?$allocator@D@std@@@std@@QAEXPADI@Z 0041dd50 f i GlobalData.obj
 0002:00009db0       ?deallocate@?$_Wrap_alloc@V?$allocator@U_Container_proxy@std@@@std@@@std@@QAEXPAU_Container_proxy@2@I@Z 0041ddb0 f i GlobalData.obj
 0002:00009e10       ?deallocate@?$allocator@D@std@@QAEXPADI@Z 0041de10 f i GlobalData.obj
 0002:00009e70       ?deallocate@?$allocator@U_Container_proxy@std@@@std@@QAEXPAU_Container_proxy@2@I@Z 0041de70 f i GlobalData.obj
 0002:00009ed0       ?eof@?$char_traits@D@std@@SAHXZ 0041ded0 f i GlobalData.obj
 0002:00009f10       ?eq_int_type@?$char_traits@D@std@@SA_NABH0@Z 0041df10 f i GlobalData.obj
 0002:00009f70       ?erase@?$basic_string@DU?$char_traits@D@std@@V?$allocator@D@2@@std@@QAEAAV12@II@Z 0041df70 f i GlobalData.obj
 0002:0000a050       ?imbue@?$basic_filebuf@DU?$char_traits@D@std@@@std@@MAEXABVlocale@2@@Z 0041e050 f i GlobalData.obj
 0002:0000a0c0       ?length@?$char_traits@D@std@@SAIQBD@Z 0041e0c0 f i GlobalData.obj
 0002:0000a110       ?max_size@?$_Wrap_alloc@V?$allocator@D@std@@@std@@QBEIU_Nil@2@@Z 0041e110 f i GlobalData.obj
 0002:0000a170       ?max_size@?$allocator@D@std@@QBEIXZ 0041e170 f i GlobalData.obj
 0002:0000a1b0       ?max_size@?$allocator_traits@V?$allocator@D@std@@@std@@SAIABV?$allocator@D@2@@Z 0041e1b0 f i GlobalData.obj
 0002:0000a200       ?max_size@?$basic_string@DU?$char_traits@D@std@@V?$allocator@D@2@@std@@QBEIXZ 0041e200 f i GlobalData.obj
 0002:0000a2a0       ?move@?$char_traits@D@std@@SAPADQADQBDI@Z 0041e2a0 f i GlobalData.obj
 0002:0000a310       ?not_eof@?$char_traits@D@std@@SAHABH@Z 0041e310 f i GlobalData.obj
 0002:0000a3b0       ?open@?$basic_filebuf@DU?$char_traits@D@std@@@std@@QAEPAV12@PBDHH@Z 0041e3b0 f i GlobalData.obj
 0002:0000a500       ?open@?$basic_fstream@DU?$char_traits@D@std@@@std@@QAEXPBDHH@Z 0041e500 f i GlobalData.obj
 0002:0000a5c0       ?overflow@?$basic_filebuf@DU?$char_traits@D@std@@@std@@MAEHH@Z 0041e5c0 f i GlobalData.obj
 0002:0000ac50       ?pbackfail@?$basic_filebuf@DU?$char_traits@D@std@@@std@@MAEHH@Z 0041ec50 f i GlobalData.obj
 0002:0000aea0       ?pointer_to@?$pointer_traits@PAD@std@@SAPADAAD@Z 0041eea0 f i GlobalData.obj
 0002:0000aef0       ?pointer_to@?$pointer_traits@PAU_Container_proxy@std@@@std@@SAPAU_Container_proxy@2@AAU32@@Z 0041eef0 f i GlobalData.obj
 0002:0000af40       ?seekoff@?$basic_filebuf@DU?$char_traits@D@std@@@std@@MAE?AV?$fpos@U_Mbstatet@@@2@_JHH@Z 0041ef40 f i GlobalData.obj
 0002:0000b110       ?seekpos@?$basic_filebuf@DU?$char_traits@D@std@@@std@@MAE?AV?$fpos@U_Mbstatet@@@2@V32@H@Z 0041f110 f i GlobalData.obj
 0002:0000b310       ?seekpos@?$fpos@U_Mbstatet@@@std@@QBE_JXZ 0041f310 f i GlobalData.obj
 0002:0000b350       ?setbuf@?$basic_filebuf@DU?$char_traits@D@std@@@std@@MAEPAV?$basic_streambuf@DU?$char_traits@D@std@@@2@PAD_J@Z 0041f350 f i GlobalData.obj
 0002:0000b430       ?size@?$basic_string@DU?$char_traits@D@std@@V?$allocator@D@2@@std@@QBEIXZ 0041f430 f i GlobalData.obj
 0002:0000b490       ?state@?$fpos@U_Mbstatet@@@std@@QBE?AU_Mbstatet@@XZ 0041f490 f i GlobalData.obj
 0002:0000b4e0       ?sync@?$basic_filebuf@DU?$char_traits@D@std@@@std@@MAEHXZ 0041f4e0 f i GlobalData.obj
 0002:0000b5e0       ?to_char_type@?$char_traits@D@std@@SADABH@Z 0041f5e0 f i GlobalData.obj
 0002:0000b620       ?to_int_type@?$char_traits@D@std@@SAHABD@Z 0041f620 f i GlobalData.obj
 0002:0000b660       ?uflow@?$basic_filebuf@DU?$char_traits@D@std@@@std@@MAEHXZ 0041f660 f i GlobalData.obj
 0002:0000bc80       ?underflow@?$basic_filebuf@DU?$char_traits@D@std@@@std@@MAEHXZ 0041fc80 f i GlobalData.obj
 0002:0000be10       ?what@exception@std@@UBEPBDXZ 0041fe10 f i GlobalData.obj
 0002:0000c070       ??$?0$$V@?$_Compressed_pair@U?$_Wrap_alloc@V?$allocator@H@std@@@std@@V?$_Vector_val@U?$_Simple_types@H@std@@@2@$00@std@@QAE@U_Zero_then_variadic_args_t@1@@Z 00420070 f i Grid.obj
 0002:0000c0d0       ??$?0$$V@?$_Compressed_pair@U?$_Wrap_alloc@V?$allocator@VElement@@@std@@@std@@V?$_Vector_val@U?$_Simple_types@VElement@@@std@@@2@$00@std@@QAE@U_Zero_then_variadic_args_t@1@@Z 004200d0 f i Grid.obj
 0002:0000c130       ??$?0$$V@?$_Compressed_pair@U?$_Wrap_alloc@V?$allocator@VNode@@@std@@@std@@V?$_Vector_val@U?$_Simple_types@VNode@@@std@@@2@$00@std@@QAE@U_Zero_then_variadic_args_t@1@@Z 00420130 f i Grid.obj
 0002:0000c190       ??$?0AAU?$_Wrap_alloc@V?$allocator@H@std@@@std@@@?$_Wrap_alloc@V?$allocator@U_Container_proxy@std@@@std@@@std@@QAE@AAU?$_Wrap_alloc@V?$allocator@H@std@@@1@@Z 00420190 f i Grid.obj
 0002:0000c200       ??$?0AAU?$_Wrap_alloc@V?$allocator@I@std@@@std@@@?$_Wrap_alloc@V?$allocator@U_Container_proxy@std@@@std@@@std@@QAE@AAU?$_Wrap_alloc@V?$allocator@I@std@@@1@@Z 00420200 f i Grid.obj
 0002:0000c270       ??$?0AAU?$_Wrap_alloc@V?$allocator@VElement@@@std@@@std@@@?$_Wrap_alloc@V?$allocator@U_Container_proxy@std@@@std@@@std@@QAE@AAU?$_Wrap_alloc@V?$allocator@VElement@@@std@@@1@@Z 00420270 f i Grid.obj
 0002:0000c2e0       ??$?0AAU?$_Wrap_alloc@V?$allocator@VNode@@@std@@@std@@@?$_Wrap_alloc@V?$allocator@U_Container_proxy@std@@@std@@@std@@QAE@AAU?$_Wrap_alloc@V?$allocator@VNode@@@std@@@1@@Z 004202e0 f i Grid.obj
 0002:0000c350       ??$?0ABV?$allocator@_N@std@@$$V@?$_Compressed_pair@U?$_Wrap_alloc@V?$allocator@I@std@@@std@@V?$_Vector_val@U?$_Simple_types@I@std@@@2@$00@std@@QAE@U_One_then_variadic_args_t@1@ABV?$allocator@_N@1@@Z 00420350 f i Grid.obj
 0002:0000c3c0       ??$?0ABV?$allocator@_N@std@@@?$_Wrap_alloc@V?$allocator@I@std@@@std@@QAE@ABV?$allocator@_N@1@@Z 004203c0 f i Grid.obj
 0002:0000c430       ??$?0ABV?$allocator@_N@std@@X@?$_Vector_alloc@U?$_Vec_base_types@IV?$allocator@_N@std@@@std@@@std@@QAE@ABV?$allocator@_N@1@@Z 00420430 f i Grid.obj
 0002:0000c4f0       ??$?0H@?$allocator@U_Container_proxy@std@@@std@@QAE@ABV?$allocator@H@1@@Z 004204f0 f i Grid.obj
 0002:0000c530       ??$?0I@?$allocator@U_Container_proxy@std@@@std@@QAE@ABV?$allocator@I@1@@Z 00420530 f i Grid.obj
 0002:0000c570       ??$?0U?$_Wrap_alloc@V?$allocator@H@std@@@std@@$$V@?$_Compressed_pair@U?$_Wrap_alloc@V?$allocator@H@std@@@std@@V?$_Vector_val@U?$_Simple_types@H@std@@@2@$00@std@@QAE@U_One_then_variadic_args_t@1@$$QAU?$_Wrap_alloc@V?$allocator@H@std@@@1@@Z 00420570 f i Grid.obj
 0002:0000c5e0       ??$?0U?$_Wrap_alloc@V?$allocator@H@std@@@std@@X@?$_Vector_alloc@U?$_Vec_base_types@HV?$allocator@H@std@@@std@@@std@@QAE@$$QAU?$_Wrap_alloc@V?$allocator@H@std@@@1@@Z 004205e0 f i Grid.obj
 0002:0000c6a0       ??$?0U?$_Wrap_alloc@V?$allocator@I@std@@@std@@$$V@?$_Compressed_pair@U?$_Wrap_alloc@V?$allocator@I@std@@@std@@V?$_Vector_val@U?$_Simple_types@I@std@@@2@$00@std@@QAE@U_One_then_variadic_args_t@1@$$QAU?$_Wrap_alloc@V?$allocator@I@std@@@1@@Z 004206a0 f i Grid.obj
 0002:0000c710       ??$?0U?$_Wrap_alloc@V?$allocator@I@std@@@std@@X@?$_Vector_alloc@U?$_Vec_base_types@IV?$allocator@_N@std@@@std@@@std@@QAE@$$QAU?$_Wrap_alloc@V?$allocator@I@std@@@1@@Z 00420710 f i Grid.obj
 0002:0000c7d0       ??$?0U?$integral_constant@_N$00@std@@@_Any_tag@std@@QAE@$$QAU?$integral_constant@_N$00@1@@Z 004207d0 f i Grid.obj
 0002:0000c810       ??$?0V?$allocator@H@std@@@?$_Wrap_alloc@V?$allocator@H@std@@@std@@QAE@$$QAV?$allocator@H@1@@Z 00420810 f i Grid.obj
 0002:0000c880       ??$?0V?$allocator@I@std@@@?$_Wrap_alloc@V?$allocator@I@std@@@std@@QAE@$$QAV?$allocator@I@1@@Z 00420880 f i Grid.obj
 0002:0000c8f0       ??$?0VElement@@@?$allocator@U_Container_proxy@std@@@std@@QAE@ABV?$allocator@VElement@@@1@@Z 004208f0 f i Grid.obj
 0002:0000c930       ??$?0VNode@@@?$allocator@U_Container_proxy@std@@@std@@QAE@ABV?$allocator@VNode@@@1@@Z 00420930 f i Grid.obj
 0002:0000c970       ??$?0_N@?$allocator@I@std@@QAE@ABV?$allocator@_N@1@@Z 00420970 f i Grid.obj
 0002:0000c9b0       ??$_Copy_backward_unchecked@V?$_Vb_iterator@U?$_Wrap_alloc@V?$allocator@I@std@@@std@@@std@@V12@@std@@YA?AV?$_Vb_iterator@U?$_Wrap_alloc@V?$allocator@I@std@@@std@@@0@V10@00U_General_ptr_iterator_tag@0@@Z 004209b0 f i Grid.obj
 0002:0000cb40       ??$_Copy_memmove@PAHPAH@std@@YAPAHPAH00@Z 00420b40 f i Grid.obj
 0002:0000cbd0       ??$_Copy_memmove@PAIPAI@std@@YAPAIPAI00@Z 00420bd0 f i Grid.obj
 0002:0000cc60       ??$_Copy_memmove@PAVNode@@PAV1@@std@@YAPAVNode@@PAV1@00@Z 00420c60 f i Grid.obj
 0002:0000ccf0       ??$_Copy_no_deprecate@V?$_Vb_iterator@U?$_Wrap_alloc@V?$allocator@I@std@@@std@@@std@@V12@@std@@YA?AV?$_Vb_iterator@U?$_Wrap_alloc@V?$allocator@I@std@@@std@@@0@V10@00@Z 00420cf0 f i Grid.obj
 0002:0000d050       ??$_Copy_unchecked1@V?$_Vb_iterator@U?$_Wrap_alloc@V?$allocator@I@std@@@std@@@std@@V12@@std@@YA?AV?$_Vb_iterator@U?$_Wrap_alloc@V?$allocator@I@std@@@std@@@0@V10@00U_General_ptr_iterator_tag@0@@Z 00421050 f i Grid.obj
 0002:0000d1f0       ??$_Copy_unchecked@V?$_Vb_iterator@U?$_Wrap_alloc@V?$allocator@I@std@@@std@@@std@@V12@@std@@YA?AV?$_Vb_iterator@U?$_Wrap_alloc@V?$allocator@I@std@@@std@@@0@V10@00@Z 004211f0 f i Grid.obj
 0002:0000d370       ??$_Debug_range2@V?$_Vb_iterator@U?$_Wrap_alloc@V?$allocator@I@std@@@std@@@std@@@std@@YAXV?$_Vb_iterator@U?$_Wrap_alloc@V?$allocator@I@std@@@std@@@0@0PB_WIUrandom_access_iterator_tag@0@@Z 00421370 f i Grid.obj
 0002:0000d480       ??$_Debug_range@V?$_Vb_iterator@U?$_Wrap_alloc@V?$allocator@I@std@@@std@@@std@@@std@@YAXV?$_Vb_iterator@U?$_Wrap_alloc@V?$allocator@I@std@@@std@@@0@0PB_WI@Z 00421480 f i Grid.obj
 0002:0000d590       ??$_Destroy_range1@V?$allocator@H@std@@PAH@std@@YAXPAH0AAU?$_Wrap_alloc@V?$allocator@H@std@@@0@U?$integral_constant@_N$00@0@@Z 00421590 f i Grid.obj
 0002:0000d5c0       ??$_Destroy_range1@V?$allocator@I@std@@PAI@std@@YAXPAI0AAU?$_Wrap_alloc@V?$allocator@I@std@@@0@U?$integral_constant@_N$00@0@@Z 004215c0 f i Grid.obj
 0002:0000d5f0       ??$_Destroy_range1@V?$allocator@VElement@@@std@@PAVElement@@@std@@YAXPAVElement@@0AAU?$_Wrap_alloc@V?$allocator@VElement@@@std@@@0@U?$integral_constant@_N$0A@@0@@Z 004215f0 f i Grid.obj
 0002:0000d670       ??$_Destroy_range1@V?$allocator@VNode@@@std@@PAVNode@@@std@@YAXPAVNode@@0AAU?$_Wrap_alloc@V?$allocator@VNode@@@std@@@0@U?$integral_constant@_N$00@0@@Z 00421670 f i Grid.obj
 0002:0000d6a0       ??$_Destroy_range@V?$allocator@H@std@@PAH@std@@YAXPAH0AAU?$_Wrap_alloc@V?$allocator@H@std@@@0@@Z 004216a0 f i Grid.obj
 0002:0000d710       ??$_Destroy_range@V?$allocator@I@std@@PAI@std@@YAXPAI0AAU?$_Wrap_alloc@V?$allocator@I@std@@@0@@Z 00421710 f i Grid.obj
 0002:0000d780       ??$_Destroy_range@V?$allocator@VElement@@@std@@PAVElement@@@std@@YAXPAVElement@@0AAU?$_Wrap_alloc@V?$allocator@VElement@@@std@@@0@@Z 00421780 f i Grid.obj
 0002:0000d7f0       ??$_Destroy_range@V?$allocator@VNode@@@std@@PAVNode@@@std@@YAXPAVNode@@0AAU?$_Wrap_alloc@V?$allocator@VNode@@@std@@@0@@Z 004217f0 f i Grid.obj
 0002:0000d860       ??$_Fill_memset_is_safe@V?$_Vb_iterator@U?$_Wrap_alloc@V?$allocator@I@std@@@std@@@std@@_N@std@@YA?AU?$integral_constant@_N$0A@@0@ABV?$_Vb_iterator@U?$_Wrap_alloc@V?$allocator@I@std@@@std@@@0@AB_N@Z 00421860 f i Grid.obj
 0002:0000d8a0       ??$_Fill_unchecked1@V?$_Vb_iterator@U?$_Wrap_alloc@V?$allocator@I@std@@@std@@@std@@_N@std@@YAXV?$_Vb_iterator@U?$_Wrap_alloc@V?$allocator@I@std@@@std@@@0@0AB_NU?$integral_constant@_N$0A@@0@@Z 004218a0 f i Grid.obj
 0002:0000d9b0       ??$_Fill_unchecked@V?$_Vb_iterator@U?$_Wrap_alloc@V?$allocator@I@std@@@std@@@std@@_N@std@@YAXV?$_Vb_iterator@U?$_Wrap_alloc@V?$allocator@I@std@@@std@@@0@0AB_N@Z 004219b0 f i Grid.obj
 0002:0000dad0       ??$_Idl_distance1@V?$_Vb_iterator@U?$_Wrap_alloc@V?$allocator@I@std@@@std@@@std@@@std@@YAHABV?$_Vb_iterator@U?$_Wrap_alloc@V?$allocator@I@std@@@std@@@0@0Urandom_access_iterator_tag@0@@Z 00421ad0 f i Grid.obj
 0002:0000db20       ??$_Idl_distance@V?$_Vb_iterator@U?$_Wrap_alloc@V?$allocator@I@std@@@std@@@std@@@std@@YA@ABV?$_Vb_iterator@U?$_Wrap_alloc@V?$allocator@I@std@@@std@@@0@0@Z 00421b20 f i Grid.obj
 0002:0000db90       ??$_Is_checked@V?$_Vb_iterator@U?$_Wrap_alloc@V?$allocator@I@std@@@std@@@std@@@std@@YA?AU?$integral_constant@_N$00@0@V?$_Vb_iterator@U?$_Wrap_alloc@V?$allocator@I@std@@@std@@@0@@Z 00421b90 f i Grid.obj
 0002:0000dc00       ??$_Move_unchecked1@PAIPAI@std@@YAPAIPAI00U_Trivially_copyable_ptr_iterator_tag@0@@Z 00421c00 f i Grid.obj
 0002:0000dc60       ??$_Move_unchecked@PAIPAI@std@@YAPAIPAI00@Z 00421c60 f i Grid.obj
 0002:0000dce0       ??$_Ptr_copy_cat@HH@std@@YA?AU_Really_trivial_ptr_iterator_tag@0@ABQAH0@Z 00421ce0 f i Grid.obj
 0002:0000dd20       ??$_Ptr_copy_cat@II@std@@YA?AU_Really_trivial_ptr_iterator_tag@0@ABQAI0@Z 00421d20 f i Grid.obj
 0002:0000dd60       ??$_Ptr_copy_cat@V?$_Vb_iterator@U?$_Wrap_alloc@V?$allocator@I@std@@@std@@@std@@V12@@std@@YA?AU_General_ptr_iterator_tag@0@ABV?$_Vb_iterator@U?$_Wrap_alloc@V?$allocator@I@std@@@std@@@0@0@Z 00421d60 f i Grid.obj
 0002:0000dda0       ??$_Ptr_copy_cat@VElement@@V1@@std@@YA?AU_General_ptr_iterator_tag@0@ABQAVElement@@0@Z 00421da0 f i Grid.obj
 0002:0000dde0       ??$_Ptr_move_cat@HH@std@@YA?AU_Really_trivial_ptr_iterator_tag@0@ABQAH0@Z 00421de0 f i Grid.obj
 0002:0000de20       ??$_Ptr_move_cat@II@std@@YA?AU_Really_trivial_ptr_iterator_tag@0@ABQAI0@Z 00421e20 f i Grid.obj
 0002:0000de60       ??$_Ptr_move_cat@VNode@@V1@@std@@YA?AU_Really_trivial_ptr_iterator_tag@0@ABQAVNode@@0@Z 00421e60 f i Grid.obj
 0002:0000dea0       ??$_Rechecked@PAHPAH@std@@YAAAPAHAAPAHPAH@Z 00421ea0 f i Grid.obj
 0002:0000dee0       ??$_Rechecked@PAIPAI@std@@YAAAPAIAAPAIPAI@Z 00421ee0 f i Grid.obj
 0002:0000df20       ??$_Rechecked@PAVElement@@PAV1@@std@@YAAAPAVElement@@AAPAV1@PAV1@@Z 00421f20 f i Grid.obj
 0002:0000df60       ??$_Rechecked@PAVNode@@PAV1@@std@@YAAAPAVNode@@AAPAV1@PAV1@@Z 00421f60 f i Grid.obj
 0002:0000dfa0       ??$_Rechecked@V?$_Vb_iterator@U?$_Wrap_alloc@V?$allocator@I@std@@@std@@@std@@V12@@std@@YAAAV?$_Vb_iterator@U?$_Wrap_alloc@V?$allocator@I@std@@@std@@@0@AAV10@V10@@Z 00421fa0 f i Grid.obj
 0002:0000eb00       ??$_Ucopy@PAH@?$vector@HV?$allocator@H@std@@@std@@AAEPAHPAH00@Z 00422b00 f i Grid.obj
 0002:0000eb70       ??$_Ucopy@PAI@?$vector@IV?$allocator@_N@std@@@std@@AAEPAIPAI00@Z 00422b70 f i Grid.obj
 0002:0000ebe0       ??$_Unchecked@PAH@std@@YAPAHPAH@Z 00422be0 f i Grid.obj
 0002:0000ec20       ??$_Unchecked@PAI@std@@YAPAIPAI@Z 00422c20 f i Grid.obj
 0002:0000ec60       ??$_Unchecked@PAVElement@@@std@@YAPAVElement@@PAV1@@Z 00422c60 f i Grid.obj
 0002:0000eca0       ??$_Unchecked@PAVNode@@@std@@YAPAVNode@@PAV1@@Z 00422ca0 f i Grid.obj
 0002:0000ece0       ??$_Unchecked@V?$_Vb_iterator@U?$_Wrap_alloc@V?$allocator@I@std@@@std@@@std@@@std@@YA?AV?$_Vb_iterator@U?$_Wrap_alloc@V?$allocator@I@std@@@std@@@0@V10@@Z 00422ce0 f i Grid.obj
 0002:0000eda0       ??$_Unchecked_n1@V?$_Vb_iterator@U?$_Wrap_alloc@V?$allocator@I@std@@@std@@@std@@H@std@@YA@V?$_Vb_iterator@U?$_Wrap_alloc@V?$allocator@I@std@@@std@@@0@HU?$integral_constant@_N$00@0@@Z 00422da0 f i Grid.obj
 0002:0000eeb0       ??$_Unchecked_n@V?$_Vb_iterator@U?$_Wrap_alloc@V?$allocator@I@std@@@std@@@std@@H@std@@YA@V?$_Vb_iterator@U?$_Wrap_alloc@V?$allocator@I@std@@@std@@@0@H@Z 00422eb0 f i Grid.obj
 0002:0000efa0       ??$_Unchecked_n_backward1@V?$_Vb_iterator@U?$_Wrap_alloc@V?$allocator@I@std@@@std@@@std@@H@std@@YA@V?$_Vb_iterator@U?$_Wrap_alloc@V?$allocator@I@std@@@std@@@0@HUrandom_access_iterator_tag@0@@Z 00422fa0 f i Grid.obj
 0002:0000f0b0       ??$_Unchecked_n_backward@V?$_Vb_iterator@U?$_Wrap_alloc@V?$allocator@I@std@@@std@@@std@@H@std@@YA@V?$_Vb_iterator@U?$_Wrap_alloc@V?$allocator@I@std@@@std@@@0@H@Z 004230b0 f i Grid.obj
 0002:0000f1b0       ??$_Unfancy@I@std@@YAPAIPAI@Z 004231b0 f i Grid.obj
 0002:0000f1f0       ??$_Unfancy@VElement@@@std@@YAPAVElement@@PAV1@@Z 004231f0 f i Grid.obj
 0002:0000f230       ??$_Unfancy@VNode@@@std@@YAPAVNode@@PAV1@@Z 00423230 f i Grid.obj
 0002:0000f270       ??$_Unfancy_maybe_null@I@std@@YAPAIPAI@Z 00423270 f i Grid.obj
 0002:0000f2b0       ??$_Uninit_alloc_fill_n1@PAIIV?$allocator@I@std@@@std@@YAPAIPAIIABIAAU?$_Wrap_alloc@V?$allocator@I@std@@@0@U?$integral_constant@_N$0A@@0@@Z 004232b0 f i Grid.obj
 0002:0000f3d0       ??$_Uninitialized_copy@PAHPAHV?$allocator@H@std@@@std@@YAPAHPAH00AAU?$_Wrap_alloc@V?$allocator@H@std@@@0@@Z 004233d0 f i Grid.obj
 0002:0000f510       ??$_Uninitialized_copy@PAIPAIV?$allocator@I@std@@@std@@YAPAIPAI00AAU?$_Wrap_alloc@V?$allocator@I@std@@@0@@Z 00423510 f i Grid.obj
 0002:0000f650       ??$_Uninitialized_copy@PAVElement@@PAV1@V?$allocator@VElement@@@std@@@std@@YAPAVElement@@PAV1@00AAU?$_Wrap_alloc@V?$allocator@VElement@@@std@@@0@@Z 00423650 f i Grid.obj
 0002:0000f7a0       ??$_Uninitialized_copy_al_unchecked@HHV?$allocator@H@std@@@std@@YAPAHPAH00AAU?$_Wrap_alloc@V?$allocator@H@std@@@0@U_Really_trivial_ptr_iterator_tag@0@U?$integral_constant@_N$00@0@@Z 004237a0 f i Grid.obj
 0002:0000f800       ??$_Uninitialized_copy_al_unchecked@IIV?$allocator@I@std@@@std@@YAPAIPAI00AAU?$_Wrap_alloc@V?$allocator@I@std@@@0@U_Really_trivial_ptr_iterator_tag@0@U?$integral_constant@_N$00@0@@Z 00423800 f i Grid.obj
 0002:0000f860       ??$_Uninitialized_copy_al_unchecked@PAVElement@@PAV1@V?$allocator@VElement@@@std@@@std@@YAPAVElement@@PAV1@00AAU?$_Wrap_alloc@V?$allocator@VElement@@@std@@@0@U_General_ptr_iterator_tag@0@U_Any_tag@0@@Z 00423860 f i Grid.obj
 0002:0000f990       ??$_Uninitialized_default_fill_n1@PAHIV?$allocator@H@std@@@std@@YAPAHPAHIAAU?$_Wrap_alloc@V?$allocator@H@std@@@0@U?$integral_constant@_N$00@0@@Z 00423990 f i Grid.obj
 0002:0000fa00       ??$_Uninitialized_default_fill_n1@PAVElement@@IV?$allocator@VElement@@@std@@@std@@YAPAVElement@@PAV1@IAAU?$_Wrap_alloc@V?$allocator@VElement@@@std@@@0@U?$integral_constant@_N$0A@@0@@Z 00423a00 f i Grid.obj
 0002:0000fb20       ??$_Uninitialized_default_fill_n1@PAVNode@@IV?$allocator@VNode@@@std@@@std@@YAPAVNode@@PAV1@IAAU?$_Wrap_alloc@V?$allocator@VNode@@@std@@@0@U?$integral_constant@_N$0A@@0@@Z 00423b20 f i Grid.obj
 0002:0000fc40       ??$_Uninitialized_default_fill_n@PAHIV?$allocator@H@std@@@std@@YAPAHPAHIAAU?$_Wrap_alloc@V?$allocator@H@std@@@0@@Z 00423c40 f i Grid.obj
 0002:0000fcb0       ??$_Uninitialized_default_fill_n@PAVElement@@IV?$allocator@VElement@@@std@@@std@@YAPAVElement@@PAV1@IAAU?$_Wrap_alloc@V?$allocator@VElement@@@std@@@0@@Z 00423cb0 f i Grid.obj
 0002:0000fd20       ??$_Uninitialized_default_fill_n@PAVNode@@IV?$allocator@VNode@@@std@@@std@@YAPAVNode@@PAV1@IAAU?$_Wrap_alloc@V?$allocator@VNode@@@std@@@0@@Z 00423d20 f i Grid.obj
 0002:0000fd90       ??$_Uninitialized_fill_n@PAIIV?$allocator@I@std@@@std@@YAPAIPAIIABIAAU?$_Wrap_alloc@V?$allocator@I@std@@@0@@Z 00423d90 f i Grid.obj
 0002:0000fe00       ??$_Uninitialized_move@PAHPAHV?$allocator@H@std@@@std@@YAPAHPAH00AAU?$_Wrap_alloc@V?$allocator@H@std@@@0@@Z 00423e00 f i Grid.obj
 0002:0000ff40       ??$_Uninitialized_move@PAIPAIV?$allocator@I@std@@@std@@YAPAIPAI00AAU?$_Wrap_alloc@V?$allocator@I@std@@@0@@Z 00423f40 f i Grid.obj
 0002:00010080       ??$_Uninitialized_move@PAVNode@@PAV1@V?$allocator@VNode@@@std@@@std@@YAPAVNode@@PAV1@00AAU?$_Wrap_alloc@V?$allocator@VNode@@@std@@@0@@Z 00424080 f i Grid.obj
 0002:000101c0       ??$_Uninitialized_move_al_unchecked@HHV?$allocator@H@std@@@std@@YAPAHPAH00AAU?$_Wrap_alloc@V?$allocator@H@std@@@0@U_Really_trivial_ptr_iterator_tag@0@U?$integral_constant@_N$00@0@@Z 004241c0 f i Grid.obj
 0002:00010220       ??$_Uninitialized_move_al_unchecked@IIV?$allocator@I@std@@@std@@YAPAIPAI00AAU?$_Wrap_alloc@V?$allocator@I@std@@@0@U_Really_trivial_ptr_iterator_tag@0@U?$integral_constant@_N$00@0@@Z 00424220 f i Grid.obj
 0002:00010280       ??$_Uninitialized_move_al_unchecked@VNode@@V1@V?$allocator@VNode@@@std@@@std@@YAPAVNode@@PAV1@00AAU?$_Wrap_alloc@V?$allocator@VNode@@@std@@@0@U_Really_trivial_ptr_iterator_tag@0@U?$integral_constant@_N$00@0@@Z 00424280 f i Grid.obj
 0002:000102e0       ??$__vcrt_va_start_verify_argument_type@QBD@@YAXXZ 004242e0 f i Grid.obj
 0002:00010310       ??$addressof@V?$_Vector_val@U?$_Simple_types@H@std@@@std@@@std@@YAPAV?$_Vector_val@U?$_Simple_types@H@std@@@0@AAV10@@Z 00424310 f i Grid.obj
 0002:00010350       ??$addressof@V?$_Vector_val@U?$_Simple_types@I@std@@@std@@@std@@YAPAV?$_Vector_val@U?$_Simple_types@I@std@@@0@AAV10@@Z 00424350 f i Grid.obj
 0002:00010390       ??$addressof@V?$_Vector_val@U?$_Simple_types@VElement@@@std@@@std@@@std@@YAPAV?$_Vector_val@U?$_Simple_types@VElement@@@std@@@0@AAV10@@Z 00424390 f i Grid.obj
 0002:000103d0       ??$addressof@V?$_Vector_val@U?$_Simple_types@VNode@@@std@@@std@@@std@@YAPAV?$_Vector_val@U?$_Simple_types@VNode@@@std@@@0@AAV10@@Z 004243d0 f i Grid.obj
 0002:00010410       ??$addressof@VElement@@@std@@YAPAVElement@@AAV1@@Z 00424410 f i Grid.obj
 0002:00010450       ??$construct@IABI@?$_Wrap_alloc@V?$allocator@I@std@@@std@@QAEXPAIABI@Z 00424450 f i Grid.obj
 0002:000104c0       ??$construct@IABI@?$allocator@I@std@@QAEXPAIABI@Z 004244c0 f i Grid.obj
 0002:00010570       ??$construct@IABI@?$allocator_traits@V?$allocator@I@std@@@std@@SAXAAV?$allocator@I@1@PAIABI@Z 00424570 f i Grid.obj
 0002:000105d0       ??$construct@VElement@@$$V@?$_Wrap_alloc@V?$allocator@VElement@@@std@@@std@@QAEXPAVElement@@@Z 004245d0 f i Grid.obj
 0002:00010630       ??$construct@VElement@@$$V@?$allocator@VElement@@@std@@QAEXPAVElement@@@Z 00424630 f i Grid.obj
 0002:00010720       ??$construct@VElement@@$$V@?$allocator_traits@V?$allocator@VElement@@@std@@@std@@SAXAAV?$allocator@VElement@@@1@PAVElement@@@Z 00424720 f i Grid.obj
 0002:00010770       ??$construct@VElement@@AAV1@@?$_Wrap_alloc@V?$allocator@VElement@@@std@@@std@@QAEXPAVElement@@AAV2@@Z 00424770 f i Grid.obj
 0002:000107e0       ??$construct@VElement@@AAV1@@?$allocator@VElement@@@std@@QAEXPAVElement@@AAV2@@Z 004247e0 f i Grid.obj
 0002:000108e0       ??$construct@VElement@@AAV1@@?$allocator_traits@V?$allocator@VElement@@@std@@@std@@SAXAAV?$allocator@VElement@@@1@PAVElement@@AAV3@@Z 004248e0 f i Grid.obj
 0002:00010940       ??$construct@VNode@@$$V@?$_Wrap_alloc@V?$allocator@VNode@@@std@@@std@@QAEXPAVNode@@@Z 00424940 f i Grid.obj
 0002:000109a0       ??$construct@VNode@@$$V@?$allocator@VNode@@@std@@QAEXPAVNode@@@Z 004249a0 f i Grid.obj
 0002:00010a50       ??$construct@VNode@@$$V@?$allocator_traits@V?$allocator@VNode@@@std@@@std@@SAXAAV?$allocator@VNode@@@1@PAVNode@@@Z 00424a50 f i Grid.obj
 0002:00010aa0       ??$copy@V?$_Vb_iterator@U?$_Wrap_alloc@V?$allocator@I@std@@@std@@@std@@V12@@std@@YA?AV?$_Vb_iterator@U?$_Wrap_alloc@V?$allocator@I@std@@@std@@@0@V10@00@Z 00424aa0 f i Grid.obj
 0002:00010c40       ??$copy_backward@V?$_Vb_iterator@U?$_Wrap_alloc@V?$allocator@I@std@@@std@@@std@@V12@@std@@YA?AV?$_Vb_iterator@U?$_Wrap_alloc@V?$allocator@I@std@@@std@@@0@V10@00@Z 00424c40 f i Grid.obj
 0002:00011010       ??$destroy@VElement@@@?$_Wrap_alloc@V?$allocator@VElement@@@std@@@std@@QAEXPAVElement@@@Z 00425010 f i Grid.obj
 0002:00011070       ??$destroy@VElement@@@?$allocator@VElement@@@std@@QAEXPAVElement@@@Z 00425070 f i Grid.obj
 0002:000110d0       ??$destroy@VElement@@@?$allocator_traits@V?$allocator@VElement@@@std@@@std@@SAXAAV?$allocator@VElement@@@1@PAVElement@@@Z 004250d0 f i Grid.obj
 0002:00011120       ??$fill@V?$_Vb_iterator@U?$_Wrap_alloc@V?$allocator@I@std@@@std@@@std@@_N@std@@YAXV?$_Vb_iterator@U?$_Wrap_alloc@V?$allocator@I@std@@@std@@@0@0AB_N@Z 00425120 f i Grid.obj
 0002:000112b0       ??$forward@AAU?$_Wrap_alloc@V?$allocator@H@std@@@std@@@std@@YAAAU?$_Wrap_alloc@V?$allocator@H@std@@@0@AAU10@@Z 004252b0 f i Grid.obj
 0002:000112f0       ??$forward@AAU?$_Wrap_alloc@V?$allocator@I@std@@@std@@@std@@YAAAU?$_Wrap_alloc@V?$allocator@I@std@@@0@AAU10@@Z 004252f0 f i Grid.obj
 0002:00011330       ??$forward@AAU?$_Wrap_alloc@V?$allocator@VElement@@@std@@@std@@@std@@YAAAU?$_Wrap_alloc@V?$allocator@VElement@@@std@@@0@AAU10@@Z 00425330 f i Grid.obj
 0002:00011370       ??$forward@AAU?$_Wrap_alloc@V?$allocator@VNode@@@std@@@std@@@std@@YAAAU?$_Wrap_alloc@V?$allocator@VNode@@@std@@@0@AAU10@@Z 00425370 f i Grid.obj
 0002:000113b0       ??$forward@AAVElement@@@std@@YAAAVElement@@AAV1@@Z 004253b0 f i Grid.obj
 0002:000113f0       ??$forward@ABI@std@@YAABIABI@Z 004253f0 f i Grid.obj
 0002:00011430       ??$forward@ABV?$allocator@_N@std@@@std@@YAABV?$allocator@_N@0@ABV10@@Z 00425430 f i Grid.obj
 0002:00011470       ??$forward@U?$_Wrap_alloc@V?$allocator@H@std@@@std@@@std@@YA$$QAU?$_Wrap_alloc@V?$allocator@H@std@@@0@AAU10@@Z 00425470 f i Grid.obj
 0002:000114b0       ??$forward@U?$_Wrap_alloc@V?$allocator@I@std@@@std@@@std@@YA$$QAU?$_Wrap_alloc@V?$allocator@I@std@@@0@AAU10@@Z 004254b0 f i Grid.obj
 0002:000114f0       ??$forward@V?$allocator@H@std@@@std@@YA$$QAV?$allocator@H@0@AAV10@@Z 004254f0 f i Grid.obj
 0002:00011530       ??$forward@V?$allocator@I@std@@@std@@YA$$QAV?$allocator@I@0@AAV10@@Z 00425530 f i Grid.obj
 0002:00011570       ??$move@AAU?$_Wrap_alloc@V?$allocator@H@std@@@std@@@std@@YA$$QAU?$_Wrap_alloc@V?$allocator@H@std@@@0@AAU10@@Z 00425570 f i Grid.obj
 0002:000115b0       ??$move@AAU?$_Wrap_alloc@V?$allocator@I@std@@@std@@@std@@YA$$QAU?$_Wrap_alloc@V?$allocator@I@std@@@0@AAU10@@Z 004255b0 f i Grid.obj
 0002:00011730       ??0?$_Iterator012@Urandom_access_iterator_tag@std@@IHPBIABIU_Iterator_base12@2@@std@@QAE@$$QAU01@@Z 00425730 f i Grid.obj
 0002:00011790       ??0?$_Iterator012@Urandom_access_iterator_tag@std@@IHPBIABIU_Iterator_base12@2@@std@@QAE@ABU01@@Z 00425790 f i Grid.obj
 0002:000117f0       ??0?$_Iterator012@Urandom_access_iterator_tag@std@@IHPBIABIU_Iterator_base12@2@@std@@QAE@XZ 004257f0 f i Grid.obj
 0002:00011850       ??0?$_Iterator012@Urandom_access_iterator_tag@std@@VElement@@HPBV3@ABV3@U_Iterator_base12@2@@std@@QAE@$$QAU01@@Z 00425850 f i Grid.obj
 0002:000118b0       ??0?$_Iterator012@Urandom_access_iterator_tag@std@@VElement@@HPBV3@ABV3@U_Iterator_base12@2@@std@@QAE@ABU01@@Z 004258b0 f i Grid.obj
 0002:00011910       ??0?$_Iterator012@Urandom_access_iterator_tag@std@@VElement@@HPBV3@ABV3@U_Iterator_base12@2@@std@@QAE@XZ 00425910 f i Grid.obj
 0002:00011970       ??0?$_Iterator012@Urandom_access_iterator_tag@std@@_NHPA_N_NU_Iterator_base12@2@@std@@QAE@$$QAU01@@Z 00425970 f i Grid.obj
 0002:000119d0       ??0?$_Iterator012@Urandom_access_iterator_tag@std@@_NHPA_N_NU_Iterator_base12@2@@std@@QAE@ABU01@@Z 004259d0 f i Grid.obj
 0002:00011a30       ??0?$_Iterator012@Urandom_access_iterator_tag@std@@_NHPA_N_NU_Iterator_base12@2@@std@@QAE@XZ 00425a30 f i Grid.obj
 0002:00011a90       ??0?$_Vb_const_iterator@U?$_Wrap_alloc@V?$allocator@I@std@@@std@@@std@@QAE@$$QAV01@@Z 00425a90 f i Grid.obj
 0002:00011af0       ??0?$_Vb_const_iterator@U?$_Wrap_alloc@V?$allocator@I@std@@@std@@@std@@QAE@ABV01@@Z 00425af0 f i Grid.obj
 0002:00011b50       ??0?$_Vb_const_iterator@U?$_Wrap_alloc@V?$allocator@I@std@@@std@@@std@@QAE@PBIPBU_Container_base12@1@@Z 00425b50 f i Grid.obj
 0002:00011bc0       ??0?$_Vb_iter_base@U?$_Wrap_alloc@V?$allocator@I@std@@@std@@@std@@QAE@$$QAV01@@Z 00425bc0 f i Grid.obj
 0002:00011c40       ??0?$_Vb_iter_base@U?$_Wrap_alloc@V?$allocator@I@std@@@std@@@std@@QAE@ABV01@@Z 00425c40 f i Grid.obj
 0002:00011cc0       ??0?$_Vb_iter_base@U?$_Wrap_alloc@V?$allocator@I@std@@@std@@@std@@QAE@PBIIPBU_Container_base12@1@@Z 00425cc0 f i Grid.obj
 0002:00011d80       ??0?$_Vb_iterator@U?$_Wrap_alloc@V?$allocator@I@std@@@std@@@std@@QAE@$$QAV01@@Z 00425d80 f i Grid.obj
 0002:00011de0       ??0?$_Vb_iterator@U?$_Wrap_alloc@V?$allocator@I@std@@@std@@@std@@QAE@ABV01@@Z 00425de0 f i Grid.obj
 0002:00011e40       ??0?$_Vb_iterator@U?$_Wrap_alloc@V?$allocator@I@std@@@std@@@std@@QAE@PAIPAU_Container_base12@1@@Z 00425e40 f i Grid.obj
 0002:00011ea0       ??0?$_Vb_reference@U?$_Wrap_alloc@V?$allocator@I@std@@@std@@@std@@QAE@ABV?$_Vb_iter_base@U?$_Wrap_alloc@V?$allocator@I@std@@@std@@@1@@Z 00425ea0 f i Grid.obj
 0002:00011f20       ??0?$_Vb_val@V?$allocator@_N@std@@@std@@QAE@ABV01@@Z 00425f20 f i Grid.obj
 0002:00011ff0       ??0?$_Vb_val@V?$allocator@_N@std@@@std@@QAE@IAB_N@Z 00425ff0 f i Grid.obj
 0002:00012120       ??0?$_Vector_alloc@U?$_Vec_base_types@HV?$allocator@H@std@@@std@@@std@@QAE@XZ 00426120 f i Grid.obj
 0002:000121d0       ??0?$_Vector_alloc@U?$_Vec_base_types@VElement@@V?$allocator@VElement@@@std@@@std@@@std@@QAE@XZ 004261d0 f i Grid.obj
 0002:00012280       ??0?$_Vector_alloc@U?$_Vec_base_types@VNode@@V?$allocator@VNode@@@std@@@std@@@std@@QAE@XZ 00426280 f i Grid.obj
 0002:00012330       ??0?$_Vector_const_iterator@V?$_Vector_val@U?$_Simple_types@I@std@@@std@@@std@@QAE@$$QAV01@@Z 00426330 f i Grid.obj
 0002:000123a0       ??0?$_Vector_const_iterator@V?$_Vector_val@U?$_Simple_types@I@std@@@std@@@std@@QAE@ABV01@@Z 004263a0 f i Grid.obj
 0002:00012410       ??0?$_Vector_const_iterator@V?$_Vector_val@U?$_Simple_types@I@std@@@std@@@std@@QAE@PAIPBU_Container_base12@1@@Z 00426410 f i Grid.obj
 0002:000124d0       ??0?$_Vector_const_iterator@V?$_Vector_val@U?$_Simple_types@VElement@@@std@@@std@@@std@@QAE@$$QAV01@@Z 004264d0 f i Grid.obj
 0002:00012540       ??0?$_Vector_const_iterator@V?$_Vector_val@U?$_Simple_types@VElement@@@std@@@std@@@std@@QAE@ABV01@@Z 00426540 f i Grid.obj
 0002:000125b0       ??0?$_Vector_const_iterator@V?$_Vector_val@U?$_Simple_types@VElement@@@std@@@std@@@std@@QAE@PAVElement@@PBU_Container_base12@1@@Z 004265b0 f i Grid.obj
 0002:00012670       ??0?$_Vector_iterator@V?$_Vector_val@U?$_Simple_types@I@std@@@std@@@std@@QAE@ABV01@@Z 00426670 f i Grid.obj
 0002:000126d0       ??0?$_Vector_iterator@V?$_Vector_val@U?$_Simple_types@I@std@@@std@@@std@@QAE@PAIPBU_Container_base12@1@@Z 004266d0 f i Grid.obj
 0002:00012730       ??0?$_Vector_iterator@V?$_Vector_val@U?$_Simple_types@VElement@@@std@@@std@@@std@@QAE@$$QAV01@@Z 00426730 f i Grid.obj
 0002:00012790       ??0?$_Vector_iterator@V?$_Vector_val@U?$_Simple_types@VElement@@@std@@@std@@@std@@QAE@ABV01@@Z 00426790 f i Grid.obj
 0002:000127f0       ??0?$_Vector_iterator@V?$_Vector_val@U?$_Simple_types@VElement@@@std@@@std@@@std@@QAE@PAVElement@@PBU_Container_base12@1@@Z 004267f0 f i Grid.obj
 0002:00012850       ??0?$_Vector_val@U?$_Simple_types@H@std@@@std@@QAE@XZ 00426850 f i Grid.obj
 0002:000128d0       ??0?$_Vector_val@U?$_Simple_types@I@std@@@std@@QAE@XZ 004268d0 f i Grid.obj
 0002:00012950       ??0?$_Vector_val@U?$_Simple_types@VElement@@@std@@@std@@QAE@XZ 00426950 f i Grid.obj
 0002:000129d0       ??0?$_Vector_val@U?$_Simple_types@VNode@@@std@@@std@@QAE@XZ 004269d0 f i Grid.obj
 0002:00012a50       ??0?$_Wrap_alloc@V?$allocator@H@std@@@std@@QAE@$$QAU01@@Z 00426a50 f i Grid.obj
 0002:00012ac0       ??0?$_Wrap_alloc@V?$allocator@H@std@@@std@@QAE@XZ 00426ac0 f i Grid.obj
 0002:00012b20       ??0?$_Wrap_alloc@V?$allocator@I@std@@@std@@QAE@$$QAU01@@Z 00426b20 f i Grid.obj
 0002:00012b90       ??0?$_Wrap_alloc@V?$allocator@VElement@@@std@@@std@@QAE@XZ 00426b90 f i Grid.obj
 0002:00012bf0       ??0?$_Wrap_alloc@V?$allocator@VNode@@@std@@@std@@QAE@XZ 00426bf0 f i Grid.obj
 0002:00012c50       ??0?$allocator@H@std@@QAE@ABV01@@Z 00426c50 f i Grid.obj
 0002:00012c90       ??0?$allocator@H@std@@QAE@XZ 00426c90 f i Grid.obj
 0002:00012cd0       ??0?$allocator@I@std@@QAE@ABV01@@Z 00426cd0 f i Grid.obj
 0002:00012d10       ??0?$allocator@VElement@@@std@@QAE@XZ 00426d10 f i Grid.obj
 0002:00012d50       ??0?$allocator@VNode@@@std@@QAE@XZ 00426d50 f i Grid.obj
 0002:00012d90       ??0?$allocator@_N@std@@QAE@XZ 00426d90 f i Grid.obj
 0002:00012dd0       ??0?$vector@HV?$allocator@H@std@@@std@@QAE@ABV01@@Z 00426dd0 f i Grid.obj
 0002:00012f40       ??0?$vector@HV?$allocator@H@std@@@std@@QAE@XZ 00426f40 f i Grid.obj
 0002:00012fd0       ??0?$vector@IV?$allocator@_N@std@@@std@@QAE@ABV01@@Z 00426fd0 f i Grid.obj
 0002:00013140       ??0?$vector@IV?$allocator@_N@std@@@std@@QAE@IABIABV?$allocator@_N@1@@Z 00427140 f i Grid.obj
 0002:00013280       ??0?$vector@VElement@@V?$allocator@VElement@@@std@@@std@@QAE@XZ 00427280 f i Grid.obj
 0002:00013310       ??0?$vector@VNode@@V?$allocator@VNode@@@std@@@std@@QAE@XZ 00427310 f i Grid.obj
 0002:000133a0       ??0?$vector@_NV?$allocator@_N@std@@@std@@QAE@ABV01@@Z 004273a0 f i Grid.obj
 0002:00013400       ??0?$vector@_NV?$allocator@_N@std@@@std@@QAE@XZ 00427400 f i Grid.obj
 0002:000134a0       ??0Element@@QAE@ABV0@@Z    004274a0 f i Grid.obj
 0002:000135f0       ??0Element@@QAE@XZ         004275f0 f i Grid.obj
 0002:000136c0       ??0Grid@@QAE@PAVGlobalData@@@Z 004276c0 f   Grid.obj
 0002:00013ae0       ??0_Iterator_base12@std@@QAE@ABU01@@Z 00427ae0 f i Grid.obj
 0002:00013b60       ??1?$_Compressed_pair@U?$_Wrap_alloc@V?$allocator@H@std@@@std@@V?$_Vector_val@U?$_Simple_types@H@std@@@2@$00@std@@QAE@XZ 00427b60 f i Grid.obj
 0002:00013bb0       ??1?$_Compressed_pair@U?$_Wrap_alloc@V?$allocator@I@std@@@std@@V?$_Vector_val@U?$_Simple_types@I@std@@@2@$00@std@@QAE@XZ 00427bb0 f i Grid.obj
 0002:00013c00       ??1?$_Compressed_pair@U?$_Wrap_alloc@V?$allocator@VElement@@@std@@@std@@V?$_Vector_val@U?$_Simple_types@VElement@@@std@@@2@$00@std@@QAE@XZ 00427c00 f i Grid.obj
 0002:00013c50       ??1?$_Compressed_pair@U?$_Wrap_alloc@V?$allocator@VNode@@@std@@@std@@V?$_Vector_val@U?$_Simple_types@VNode@@@std@@@2@$00@std@@QAE@XZ 00427c50 f i Grid.obj
 0002:00013ca0       ??1?$_Iterator012@Urandom_access_iterator_tag@std@@IHPBIABIU_Iterator_base12@2@@std@@QAE@XZ 00427ca0 f i Grid.obj
 0002:00013cf0       ??1?$_Iterator012@Urandom_access_iterator_tag@std@@VElement@@HPBV3@ABV3@U_Iterator_base12@2@@std@@QAE@XZ 00427cf0 f i Grid.obj
 0002:00013d40       ??1?$_Iterator012@Urandom_access_iterator_tag@std@@_NHPA_N_NU_Iterator_base12@2@@std@@QAE@XZ 00427d40 f i Grid.obj
 0002:00013d90       ??1?$_Vb_const_iterator@U?$_Wrap_alloc@V?$allocator@I@std@@@std@@@std@@QAE@XZ 00427d90 f i Grid.obj
 0002:00013de0       ??1?$_Vb_iter_base@U?$_Wrap_alloc@V?$allocator@I@std@@@std@@@std@@QAE@XZ 00427de0 f i Grid.obj
 0002:00013e30       ??1?$_Vb_iterator@U?$_Wrap_alloc@V?$allocator@I@std@@@std@@@std@@QAE@XZ 00427e30 f i Grid.obj
 0002:00013e80       ??1?$_Vb_reference@U?$_Wrap_alloc@V?$allocator@I@std@@@std@@@std@@QAE@XZ 00427e80 f i Grid.obj
 0002:00013ed0       ??1?$_Vb_val@V?$allocator@_N@std@@@std@@QAE@XZ 00427ed0 f i Grid.obj
 0002:00013f70       ??1?$_Vector_alloc@U?$_Vec_base_types@HV?$allocator@H@std@@@std@@@std@@QAE@XZ 00427f70 f i Grid.obj
 0002:00014000       ??1?$_Vector_alloc@U?$_Vec_base_types@IV?$allocator@_N@std@@@std@@@std@@QAE@XZ 00428000 f i Grid.obj
 0002:00014090       ??1?$_Vector_alloc@U?$_Vec_base_types@VElement@@V?$allocator@VElement@@@std@@@std@@@std@@QAE@XZ 00428090 f i Grid.obj
 0002:00014120       ??1?$_Vector_alloc@U?$_Vec_base_types@VNode@@V?$allocator@VNode@@@std@@@std@@@std@@QAE@XZ 00428120 f i Grid.obj
 0002:000141b0       ??1?$_Vector_const_iterator@V?$_Vector_val@U?$_Simple_types@I@std@@@std@@@std@@QAE@XZ 004281b0 f i Grid.obj
 0002:00014200       ??1?$_Vector_const_iterator@V?$_Vector_val@U?$_Simple_types@VElement@@@std@@@std@@@std@@QAE@XZ 00428200 f i Grid.obj
 0002:00014250       ??1?$_Vector_iterator@V?$_Vector_val@U?$_Simple_types@I@std@@@std@@@std@@QAE@XZ 00428250 f i Grid.obj
 0002:000142a0       ??1?$_Vector_iterator@V?$_Vector_val@U?$_Simple_types@VElement@@@std@@@std@@@std@@QAE@XZ 004282a0 f i Grid.obj
 0002:000142f0       ??1?$_Vector_val@U?$_Simple_types@H@std@@@std@@QAE@XZ 004282f0 f i Grid.obj
 0002:00014340       ??1?$_Vector_val@U?$_Simple_types@I@std@@@std@@QAE@XZ 00428340 f i Grid.obj
 0002:00014390       ??1?$_Vector_val@U?$_Simple_types@VElement@@@std@@@std@@QAE@XZ 00428390 f i Grid.obj
 0002:000143e0       ??1?$_Vector_val@U?$_Simple_types@VNode@@@std@@@std@@QAE@XZ 004283e0 f i Grid.obj
 0002:00014430       ??1?$vector@HV?$allocator@H@std@@@std@@QAE@XZ 00428430 f i Grid.obj
 0002:000144c0       ??1?$vector@IV?$allocator@_N@std@@@std@@QAE@XZ 004284c0 f i Grid.obj
 0002:00014550       ??1?$vector@VElement@@V?$allocator@VElement@@@std@@@std@@QAE@XZ 00428550 f i Grid.obj
 0002:000145e0       ??1?$vector@VNode@@V?$allocator@VNode@@@std@@@std@@QAE@XZ 004285e0 f i Grid.obj
 0002:00014670       ??1?$vector@_NV?$allocator@_N@std@@@std@@QAE@XZ 00428670 f i Grid.obj
 0002:000146c0       ??1Element@@QAE@XZ         004286c0 f i Grid.obj
 0002:00014720       ??3@YAXPAX0@Z              00428720 f i Grid.obj
 0002:00014750       ??4?$_Iterator012@Urandom_access_iterator_tag@std@@_NHPA_N_NU_Iterator_base12@2@@std@@QAEAAU01@ABU01@@Z 00428750 f i Grid.obj
 0002:000147b0       ??4?$_Vb_const_iterator@U?$_Wrap_alloc@V?$allocator@I@std@@@std@@@std@@QAEAAV01@ABV01@@Z 004287b0 f i Grid.obj
 0002:00014810       ??4?$_Vb_iter_base@U?$_Wrap_alloc@V?$allocator@I@std@@@std@@@std@@QAEAAV01@ABV01@@Z 00428810 f i Grid.obj
 0002:00014890       ??4?$_Vb_iterator@U?$_Wrap_alloc@V?$allocator@I@std@@@std@@@std@@QAEAAV01@ABV01@@Z 00428890 f i Grid.obj
 0002:000148f0       ??4?$_Vb_reference@U?$_Wrap_alloc@V?$allocator@I@std@@@std@@@std@@QAEAAV01@ABV01@@Z 004288f0 f i Grid.obj
 0002:00014950       ??4?$_Vb_reference@U?$_Wrap_alloc@V?$allocator@I@std@@@std@@@std@@QAEAAV01@_N@Z 00428950 f i Grid.obj
 0002:00014a40       ??4_Iterator_base12@std@@QAEAAU01@ABU01@@Z 00428a40 f i Grid.obj
 0002:00014b90       ??8?$_Vb_const_iterator@U?$_Wrap_alloc@V?$allocator@I@std@@@std@@@std@@QBE_NABV01@@Z 00428b90 f i Grid.obj
 0002:00014c30       ??8?$_Vector_const_iterator@V?$_Vector_val@U?$_Simple_types@VElement@@@std@@@std@@@std@@QBE_NABV01@@Z 00428c30 f i Grid.obj
 0002:00014cc0       ??9?$_Vb_const_iterator@U?$_Wrap_alloc@V?$allocator@I@std@@@std@@@std@@QBE_NABV01@@Z 00428cc0 f i Grid.obj
 0002:00014d50       ??9?$_Vector_const_iterator@V?$_Vector_val@U?$_Simple_types@VElement@@@std@@@std@@@std@@QBE_NABV01@@Z 00428d50 f i Grid.obj
 0002:00014de0       ??A?$vector@HV?$allocator@H@std@@@std@@QAEAAHI@Z 00428de0 f i Grid.obj
 0002:00014eb0       ??A?$vector@IV?$allocator@_N@std@@@std@@QAEAAII@Z 00428eb0 f i Grid.obj
 0002:00014f80       ??A?$vector@VElement@@V?$allocator@VElement@@@std@@@std@@QAEAAVElement@@I@Z 00428f80 f i Grid.obj
 0002:00015050       ??A?$vector@VNode@@V?$allocator@VNode@@@std@@@std@@QAEAAVNode@@I@Z 00429050 f i Grid.obj
 0002:00015120       ??A?$vector@_NV?$allocator@_N@std@@@std@@QAE?AV?$_Vb_reference@U?$_Wrap_alloc@V?$allocator@I@std@@@std@@@1@I@Z 00429120 f i Grid.obj
 0002:00015260       ??B?$_Vb_reference@U?$_Wrap_alloc@V?$allocator@I@std@@@std@@@std@@QBE_NXZ 00429260 f i Grid.obj
 0002:00015320       ??C?$_Vector_iterator@V?$_Vector_val@U?$_Simple_types@VElement@@@std@@@std@@@std@@QBEPAVElement@@XZ 00429320 f i Grid.obj
 0002:00015380       ??D?$_Vb_iterator@U?$_Wrap_alloc@V?$allocator@I@std@@@std@@@std@@QBE?AV?$_Vb_reference@U?$_Wrap_alloc@V?$allocator@I@std@@@std@@@1@XZ 00429380 f i Grid.obj
 0002:00015400       ??D?$_Vector_const_iterator@V?$_Vector_val@U?$_Simple_types@VElement@@@std@@@std@@@std@@QBEABVElement@@XZ 00429400 f i Grid.obj
 0002:000154f0       ??D?$_Vector_iterator@V?$_Vector_val@U?$_Simple_types@VElement@@@std@@@std@@@std@@QBEAAVElement@@XZ 004294f0 f i Grid.obj
 0002:00015540       ??E?$_Vb_const_iterator@U?$_Wrap_alloc@V?$allocator@I@std@@@std@@@std@@QAEAAV01@XZ 00429540 f i Grid.obj
 0002:000155a0       ??E?$_Vb_iterator@U?$_Wrap_alloc@V?$allocator@I@std@@@std@@@std@@QAEAAV01@XZ 004295a0 f i Grid.obj
 0002:00015600       ??E?$_Vector_const_iterator@V?$_Vector_val@U?$_Simple_types@VElement@@@std@@@std@@@std@@QAEAAV01@XZ 00429600 f i Grid.obj
 0002:000156f0       ??E?$_Vector_iterator@V?$_Vector_val@U?$_Simple_types@VElement@@@std@@@std@@@std@@QAE?AV01@H@Z 004296f0 f i Grid.obj
 0002:00015830       ??E?$_Vector_iterator@V?$_Vector_val@U?$_Simple_types@VElement@@@std@@@std@@@std@@QAEAAV01@XZ 00429830 f i Grid.obj
 0002:00015890       ??F?$_Vb_const_iterator@U?$_Wrap_alloc@V?$allocator@I@std@@@std@@@std@@QAEAAV01@XZ 00429890 f i Grid.obj
 0002:000158f0       ??F?$_Vb_iterator@U?$_Wrap_alloc@V?$allocator@I@std@@@std@@@std@@QAEAAV01@XZ 004298f0 f i Grid.obj
 0002:00015950       ??G?$_Vb_const_iterator@U?$_Wrap_alloc@V?$allocator@I@std@@@std@@@std@@QBEHABV01@@Z 00429950 f i Grid.obj
 0002:000159d0       ??G?$_Vb_iterator@U?$_Wrap_alloc@V?$allocator@I@std@@@std@@@std@@QBE?AV01@H@Z 004299d0 f i Grid.obj
 0002:00015b10       ??G?$_Vb_iterator@U?$_Wrap_alloc@V?$allocator@I@std@@@std@@@std@@QBEHABV?$_Vb_const_iterator@U?$_Wrap_alloc@V?$allocator@I@std@@@std@@@1@@Z 00429b10 f i Grid.obj
 0002:00015b70       ??H?$_Vb_iterator@U?$_Wrap_alloc@V?$allocator@I@std@@@std@@@std@@QBE?AV01@H@Z 00429b70 f i Grid.obj
 0002:00015cb0       ??H?$_Vector_iterator@V?$_Vector_val@U?$_Simple_types@I@std@@@std@@@std@@QBE?AV01@H@Z 00429cb0 f i Grid.obj
 0002:00015df0       ??M?$_Vb_const_iterator@U?$_Wrap_alloc@V?$allocator@I@std@@@std@@@std@@QBE_NABV01@@Z 00429df0 f i Grid.obj
 0002:00016030       ??Y?$_Vb_const_iterator@U?$_Wrap_alloc@V?$allocator@I@std@@@std@@@std@@QAEAAV01@H@Z 0042a030 f i Grid.obj
 0002:00016130       ??Y?$_Vb_iterator@U?$_Wrap_alloc@V?$allocator@I@std@@@std@@@std@@QAEAAV01@H@Z 0042a130 f i Grid.obj
 0002:00016190       ??Y?$_Vector_const_iterator@V?$_Vector_val@U?$_Simple_types@I@std@@@std@@@std@@QAEAAV01@H@Z 0042a190 f i Grid.obj
 0002:000162a0       ??Y?$_Vector_iterator@V?$_Vector_val@U?$_Simple_types@I@std@@@std@@@std@@QAEAAV01@H@Z 0042a2a0 f i Grid.obj
 0002:00016300       ??Z?$_Vb_iterator@U?$_Wrap_alloc@V?$allocator@I@std@@@std@@@std@@QAEAAV01@H@Z 0042a300 f i Grid.obj
 0002:00016360       ??_GElement@@QAEPAXI@Z     0042a360 f i Grid.obj
 0002:000163e0       ?Matrix@Grid@@AAENXZ       0042a3e0 f   Grid.obj
 0002:00018b80       ?max_size@?$_Wrap_alloc@V?$allocator@H@std@@@std@@QBEIU_Nil@2@@Z 0042cb80 f i Grid.obj
 0002:00018bd0       ?resize@?$vector@_NV?$allocator@_N@std@@@std@@QAEXI_N@Z 0042cbd0 f i Grid.obj
 0002:00018df0       ?setElements@Grid@@AAEXXZ  0042cdf0 f   Grid.obj
 0002:000193a0       ?setNodes@Grid@@AAEXXZ     0042d3a0 f   Grid.obj
 0002:00019570       ?N1@Grid@@AAENNN@Z         0042d570 f   Grid.obj
 0002:000195d0       ?Solve@Grid@@AAEXXZ        0042d5d0 f   Grid.obj
 0002:00019c60       ?N2@Grid@@AAENNN@Z         0042dc60 f   Grid.obj
 0002:00019ce0       ?N3@Grid@@AAENNN@Z         0042dce0 f   Grid.obj
 0002:00019d60       ?N4@Grid@@AAENNN@Z         0042dd60 f   Grid.obj
 0002:00019e60       ?_Advance@?$_Vb_iter_base@U?$_Wrap_alloc@V?$allocator@I@std@@@std@@@std@@QAEXI@Z 0042de60 f i Grid.obj
 0002:00019ef0       ?_Alloc_proxy@?$_Vb_val@V?$allocator@_N@std@@@std@@QAEXXZ 0042def0 f i Grid.obj
 0002:00019ff0       ?_Alloc_proxy@?$_Vector_alloc@U?$_Vec_base_types@HV?$allocator@H@std@@@std@@@std@@QAEXXZ 0042dff0 f i Grid.obj
 0002:0001a120       ?_Alloc_proxy@?$_Vector_alloc@U?$_Vec_base_types@IV?$allocator@_N@std@@@std@@@std@@QAEXXZ 0042e120 f i Grid.obj
 0002:0001a250       ?_Alloc_proxy@?$_Vector_alloc@U?$_Vec_base_types@VElement@@V?$allocator@VElement@@@std@@@std@@@std@@QAEXXZ 0042e250 f i Grid.obj
 0002:0001a380       ?_Alloc_proxy@?$_Vector_alloc@U?$_Vec_base_types@VNode@@V?$allocator@VNode@@@std@@@std@@@std@@QAEXXZ 0042e380 f i Grid.obj
 0002:0001a4b0       ?_Buy@?$vector@HV?$allocator@H@std@@@std@@AAE_NI@Z 0042e4b0 f i Grid.obj
 0002:0001a5c0       ?_Buy@?$vector@IV?$allocator@_N@std@@@std@@AAE_NI@Z 0042e5c0 f i Grid.obj
 0002:0001a6d0       ?_Calculate_growth@?$vector@HV?$allocator@H@std@@@std@@ABEII@Z 0042e6d0 f i Grid.obj
 0002:0001a770       ?_Calculate_growth@?$vector@IV?$allocator@_N@std@@@std@@ABEII@Z 0042e770 f i Grid.obj
 0002:0001a810       ?_Calculate_growth@?$vector@VElement@@V?$allocator@VElement@@@std@@@std@@ABEII@Z 0042e810 f i Grid.obj
 0002:0001a8b0       ?_Calculate_growth@?$vector@VNode@@V?$allocator@VNode@@@std@@@std@@ABEII@Z 0042e8b0 f i Grid.obj
 0002:0001a950       ?_Change_array@?$vector@HV?$allocator@H@std@@@std@@AAEXQAHII@Z 0042e950 f i Grid.obj
 0002:0001aa60       ?_Change_array@?$vector@IV?$allocator@_N@std@@@std@@AAEXQAIII@Z 0042ea60 f i Grid.obj
 0002:0001ab70       ?_Change_array@?$vector@VElement@@V?$allocator@VElement@@@std@@@std@@AAEXQAVElement@@II@Z 0042eb70 f i Grid.obj
 0002:0001ac90       ?_Change_array@?$vector@VNode@@V?$allocator@VNode@@@std@@@std@@AAEXQAVNode@@II@Z 0042ec90 f i Grid.obj
 0002:0001ada0       ?_Clrcont@_Iterator_base12@std@@QAEXXZ 0042eda0 f i Grid.obj
 0002:0001ade0       ?_Compat@?$_Vb_const_iterator@U?$_Wrap_alloc@V?$allocator@I@std@@@std@@@std@@QBEXABV12@@Z 0042ede0 f i Grid.obj
 0002:0001aea0       ?_Compat@?$_Vector_const_iterator@V?$_Vector_val@U?$_Simple_types@VElement@@@std@@@std@@@std@@QBEXABV12@@Z 0042eea0 f i Grid.obj
 0002:0001af60       ?_Dec@?$_Vb_const_iterator@U?$_Wrap_alloc@V?$allocator@I@std@@@std@@@std@@QAEXXZ 0042ef60 f i Grid.obj
 0002:0001b0c0       ?_Destroy@?$vector@HV?$allocator@H@std@@@std@@AAEXPAH0@Z 0042f0c0 f i Grid.obj
 0002:0001b130       ?_Destroy@?$vector@IV?$allocator@_N@std@@@std@@AAEXPAI0@Z 0042f130 f i Grid.obj
 0002:0001b1a0       ?_Destroy@?$vector@VElement@@V?$allocator@VElement@@@std@@@std@@AAEXPAVElement@@0@Z 0042f1a0 f i Grid.obj
 0002:0001b210       ?_Destroy@?$vector@VNode@@V?$allocator@VNode@@@std@@@std@@AAEXPAVNode@@0@Z 0042f210 f i Grid.obj
 0002:0001b280       ?_Free_proxy@?$_Vb_val@V?$allocator@_N@std@@@std@@QAEXXZ 0042f280 f i Grid.obj
 0002:0001b380       ?_Free_proxy@?$_Vector_alloc@U?$_Vec_base_types@HV?$allocator@H@std@@@std@@@std@@QAEXXZ 0042f380 f i Grid.obj
 0002:0001b490       ?_Free_proxy@?$_Vector_alloc@U?$_Vec_base_types@IV?$allocator@_N@std@@@std@@@std@@QAEXXZ 0042f490 f i Grid.obj
 0002:0001b5a0       ?_Free_proxy@?$_Vector_alloc@U?$_Vec_base_types@VElement@@V?$allocator@VElement@@@std@@@std@@@std@@QAEXXZ 0042f5a0 f i Grid.obj
 0002:0001b6b0       ?_Free_proxy@?$_Vector_alloc@U?$_Vec_base_types@VNode@@V?$allocator@VNode@@@std@@@std@@@std@@QAEXXZ 0042f6b0 f i Grid.obj
 0002:0001b7c0       ?_Get_data@?$_Vector_alloc@U?$_Vec_base_types@HV?$allocator@H@std@@@std@@@std@@QAEAAV?$_Vector_val@U?$_Simple_types@H@std@@@2@XZ 0042f7c0 f i Grid.obj
 0002:0001b810       ?_Get_data@?$_Vector_alloc@U?$_Vec_base_types@HV?$allocator@H@std@@@std@@@std@@QBEABV?$_Vector_val@U?$_Simple_types@H@std@@@2@XZ 0042f810 f i Grid.obj
 0002:0001b860       ?_Get_data@?$_Vector_alloc@U?$_Vec_base_types@IU?$_Wrap_alloc@V?$allocator@I@std@@@std@@@std@@@std@@QBEABV?$_Vector_val@U?$_Simple_types@I@std@@@2@XZ 0042f860 f i Grid.obj
 0002:0001b8b0       ?_Get_data@?$_Vector_alloc@U?$_Vec_base_types@IV?$allocator@_N@std@@@std@@@std@@QAEAAV?$_Vector_val@U?$_Simple_types@I@std@@@2@XZ 0042f8b0 f i Grid.obj
 0002:0001b900       ?_Get_data@?$_Vector_alloc@U?$_Vec_base_types@IV?$allocator@_N@std@@@std@@@std@@QBEABV?$_Vector_val@U?$_Simple_types@I@std@@@2@XZ 0042f900 f i Grid.obj
 0002:0001b950       ?_Get_data@?$_Vector_alloc@U?$_Vec_base_types@VElement@@V?$allocator@VElement@@@std@@@std@@@std@@QAEAAV?$_Vector_val@U?$_Simple_types@VElement@@@std@@@2@XZ 0042f950 f i Grid.obj
 0002:0001b9a0       ?_Get_data@?$_Vector_alloc@U?$_Vec_base_types@VElement@@V?$allocator@VElement@@@std@@@std@@@std@@QBEABV?$_Vector_val@U?$_Simple_types@VElement@@@std@@@2@XZ 0042f9a0 f i Grid.obj
 0002:0001b9f0       ?_Get_data@?$_Vector_alloc@U?$_Vec_base_types@VNode@@V?$allocator@VNode@@@std@@@std@@@std@@QAEAAV?$_Vector_val@U?$_Simple_types@VNode@@@std@@@2@XZ 0042f9f0 f i Grid.obj
 0002:0001ba40       ?_Get_data@?$_Vector_alloc@U?$_Vec_base_types@VNode@@V?$allocator@VNode@@@std@@@std@@@std@@QBEABV?$_Vector_val@U?$_Simple_types@VNode@@@std@@@2@XZ 0042fa40 f i Grid.obj
 0002:0001ba90       ?_Get_first@?$_Compressed_pair@U?$_Wrap_alloc@V?$allocator@H@std@@@std@@V?$_Vector_val@U?$_Simple_types@H@std@@@2@$00@std@@QAEAAU?$_Wrap_alloc@V?$allocator@H@std@@@2@XZ 0042fa90 f i Grid.obj
 0002:0001bad0       ?_Get_first@?$_Compressed_pair@U?$_Wrap_alloc@V?$allocator@H@std@@@std@@V?$_Vector_val@U?$_Simple_types@H@std@@@2@$00@std@@QBEABU?$_Wrap_alloc@V?$allocator@H@std@@@2@XZ 0042fad0 f i Grid.obj
 0002:0001bb10       ?_Get_first@?$_Compressed_pair@U?$_Wrap_alloc@V?$allocator@I@std@@@std@@V?$_Vector_val@U?$_Simple_types@I@std@@@2@$00@std@@QAEAAU?$_Wrap_alloc@V?$allocator@I@std@@@2@XZ 0042fb10 f i Grid.obj
 0002:0001bb50       ?_Get_first@?$_Compressed_pair@U?$_Wrap_alloc@V?$allocator@I@std@@@std@@V?$_Vector_val@U?$_Simple_types@I@std@@@2@$00@std@@QBEABU?$_Wrap_alloc@V?$allocator@I@std@@@2@XZ 0042fb50 f i Grid.obj
 0002:0001bb90       ?_Get_first@?$_Compressed_pair@U?$_Wrap_alloc@V?$allocator@VElement@@@std@@@std@@V?$_Vector_val@U?$_Simple_types@VElement@@@std@@@2@$00@std@@QAEAAU?$_Wrap_alloc@V?$allocator@VElement@@@std@@@2@XZ 0042fb90 f i Grid.obj
 0002:0001bbd0       ?_Get_first@?$_Compressed_pair@U?$_Wrap_alloc@V?$allocator@VElement@@@std@@@std@@V?$_Vector_val@U?$_Simple_types@VElement@@@std@@@2@$00@std@@QBEABU?$_Wrap_alloc@V?$allocator@VElement@@@std@@@2@XZ 0042fbd0 f i Grid.obj
 0002:0001bc10       ?_Get_first@?$_Compressed_pair@U?$_Wrap_alloc@V?$allocator@VNode@@@std@@@std@@V?$_Vector_val@U?$_Simple_types@VNode@@@std@@@2@$00@std@@QAEAAU?$_Wrap_alloc@V?$allocator@VNode@@@std@@@2@XZ 0042fc10 f i Grid.obj
 0002:0001bc50       ?_Get_first@?$_Compressed_pair@U?$_Wrap_alloc@V?$allocator@VNode@@@std@@@std@@V?$_Vector_val@U?$_Simple_types@VNode@@@std@@@2@$00@std@@QBEABU?$_Wrap_alloc@V?$allocator@VNode@@@std@@@2@XZ 0042fc50 f i Grid.obj
 0002:0001bc90       ?_Get_second@?$_Compressed_pair@U?$_Wrap_alloc@U?$_Wrap_alloc@V?$allocator@I@std@@@std@@@std@@V?$_Vector_val@U?$_Simple_types@I@std@@@2@$00@std@@QBEABV?$_Vector_val@U?$_Simple_types@I@std@@@2@XZ 0042fc90 f i Grid.obj
 0002:0001bcd0       ?_Get_second@?$_Compressed_pair@U?$_Wrap_alloc@V?$allocator@H@std@@@std@@V?$_Vector_val@U?$_Simple_types@H@std@@@2@$00@std@@QAEAAV?$_Vector_val@U?$_Simple_types@H@std@@@2@XZ 0042fcd0 f i Grid.obj
 0002:0001bd10       ?_Get_second@?$_Compressed_pair@U?$_Wrap_alloc@V?$allocator@H@std@@@std@@V?$_Vector_val@U?$_Simple_types@H@std@@@2@$00@std@@QBEABV?$_Vector_val@U?$_Simple_types@H@std@@@2@XZ 0042fd10 f i Grid.obj
 0002:0001bd50       ?_Get_second@?$_Compressed_pair@U?$_Wrap_alloc@V?$allocator@I@std@@@std@@V?$_Vector_val@U?$_Simple_types@I@std@@@2@$00@std@@QAEAAV?$_Vector_val@U?$_Simple_types@I@std@@@2@XZ 0042fd50 f i Grid.obj
 0002:0001bd90       ?_Get_second@?$_Compressed_pair@U?$_Wrap_alloc@V?$allocator@I@std@@@std@@V?$_Vector_val@U?$_Simple_types@I@std@@@2@$00@std@@QBEABV?$_Vector_val@U?$_Simple_types@I@std@@@2@XZ 0042fd90 f i Grid.obj
 0002:0001bdd0       ?_Get_second@?$_Compressed_pair@U?$_Wrap_alloc@V?$allocator@VElement@@@std@@@std@@V?$_Vector_val@U?$_Simple_types@VElement@@@std@@@2@$00@std@@QAEAAV?$_Vector_val@U?$_Simple_types@VElement@@@std@@@2@XZ 0042fdd0 f i Grid.obj
 0002:0001be10       ?_Get_second@?$_Compressed_pair@U?$_Wrap_alloc@V?$allocator@VElement@@@std@@@std@@V?$_Vector_val@U?$_Simple_types@VElement@@@std@@@2@$00@std@@QBEABV?$_Vector_val@U?$_Simple_types@VElement@@@std@@@2@XZ 0042fe10 f i Grid.obj
 0002:0001be50       ?_Get_second@?$_Compressed_pair@U?$_Wrap_alloc@V?$allocator@VNode@@@std@@@std@@V?$_Vector_val@U?$_Simple_types@VNode@@@std@@@2@$00@std@@QAEAAV?$_Vector_val@U?$_Simple_types@VNode@@@std@@@2@XZ 0042fe50 f i Grid.obj
 0002:0001be90       ?_Get_second@?$_Compressed_pair@U?$_Wrap_alloc@V?$allocator@VNode@@@std@@@std@@V?$_Vector_val@U?$_Simple_types@VNode@@@std@@@2@$00@std@@QBEABV?$_Vector_val@U?$_Simple_types@VNode@@@std@@@2@XZ 0042fe90 f i Grid.obj
 0002:0001bed0       ?_Getal@?$_Vector_alloc@U?$_Vec_base_types@HV?$allocator@H@std@@@std@@@std@@QAEAAU?$_Wrap_alloc@V?$allocator@H@std@@@2@XZ 0042fed0 f i Grid.obj
 0002:0001bf20       ?_Getal@?$_Vector_alloc@U?$_Vec_base_types@HV?$allocator@H@std@@@std@@@std@@QBEABU?$_Wrap_alloc@V?$allocator@H@std@@@2@XZ 0042ff20 f i Grid.obj
 0002:0001bf70       ?_Getal@?$_Vector_alloc@U?$_Vec_base_types@IV?$allocator@_N@std@@@std@@@std@@QAEAAU?$_Wrap_alloc@V?$allocator@I@std@@@2@XZ 0042ff70 f i Grid.obj
 0002:0001bfc0       ?_Getal@?$_Vector_alloc@U?$_Vec_base_types@IV?$allocator@_N@std@@@std@@@std@@QBEABU?$_Wrap_alloc@V?$allocator@I@std@@@2@XZ 0042ffc0 f i Grid.obj
 0002:0001c010       ?_Getal@?$_Vector_alloc@U?$_Vec_base_types@VElement@@V?$allocator@VElement@@@std@@@std@@@std@@QAEAAU?$_Wrap_alloc@V?$allocator@VElement@@@std@@@2@XZ 00430010 f i Grid.obj
 0002:0001c060       ?_Getal@?$_Vector_alloc@U?$_Vec_base_types@VElement@@V?$allocator@VElement@@@std@@@std@@@std@@QBEABU?$_Wrap_alloc@V?$allocator@VElement@@@std@@@2@XZ 00430060 f i Grid.obj
 0002:0001c0b0       ?_Getal@?$_Vector_alloc@U?$_Vec_base_types@VNode@@V?$allocator@VNode@@@std@@@std@@@std@@QAEAAU?$_Wrap_alloc@V?$allocator@VNode@@@std@@@2@XZ 004300b0 f i Grid.obj
 0002:0001c100       ?_Getal@?$_Vector_alloc@U?$_Vec_base_types@VNode@@V?$allocator@VNode@@@std@@@std@@@std@@QBEABU?$_Wrap_alloc@V?$allocator@VNode@@@std@@@2@XZ 00430100 f i Grid.obj
 0002:0001c150       ?_Getpfirst@?$_Vector_alloc@U?$_Vec_base_types@HV?$allocator@H@std@@@std@@@std@@QBEPAPAU_Iterator_base12@2@XZ 00430150 f i Grid.obj
 0002:0001c1b0       ?_Getpfirst@?$_Vector_alloc@U?$_Vec_base_types@IV?$allocator@_N@std@@@std@@@std@@QBEPAPAU_Iterator_base12@2@XZ 004301b0 f i Grid.obj
 0002:0001c210       ?_Getpfirst@?$_Vector_alloc@U?$_Vec_base_types@VElement@@V?$allocator@VElement@@@std@@@std@@@std@@QBEPAPAU_Iterator_base12@2@XZ 00430210 f i Grid.obj
 0002:0001c270       ?_Getpfirst@?$_Vector_alloc@U?$_Vec_base_types@VNode@@V?$allocator@VNode@@@std@@@std@@@std@@QBEPAPAU_Iterator_base12@2@XZ 00430270 f i Grid.obj
 0002:0001c2d0       ?_Getpfirst@_Container_base12@std@@QBEPAPAU_Iterator_base12@2@XZ 004302d0 f i Grid.obj
 0002:0001c340       ?_Getpnext@_Iterator_base12@std@@QAEPAPAU12@XZ 00430340 f i Grid.obj
 0002:0001c380       ?_Getptr@?$_Vb_reference@U?$_Wrap_alloc@V?$allocator@I@std@@@std@@@std@@QBEPBIXZ 00430380 f i Grid.obj
 0002:0001c460       ?_Inc@?$_Vb_const_iterator@U?$_Wrap_alloc@V?$allocator@I@std@@@std@@@std@@QAEXXZ 00430460 f i Grid.obj
 0002:0001c560       ?_Insert_n@?$vector@_NV?$allocator@_N@std@@@std@@QAE?AV?$_Vb_iterator@U?$_Wrap_alloc@V?$allocator@I@std@@@std@@@2@V?$_Vb_const_iterator@U?$_Wrap_alloc@V?$allocator@I@std@@@std@@@2@IAB_N@Z 00430560 f i Grid.obj
 0002:0001c7a0       ?_Insert_x@?$vector@_NV?$allocator@_N@std@@@std@@QAEIV?$_Vb_const_iterator@U?$_Wrap_alloc@V?$allocator@I@std@@@std@@@2@I@Z 004307a0 f i Grid.obj
 0002:0001cc00       ?_Make_iter@?$vector@_NV?$allocator@_N@std@@@std@@QAE?AV?$_Vb_iterator@U?$_Wrap_alloc@V?$allocator@I@std@@@std@@@2@V?$_Vb_const_iterator@U?$_Wrap_alloc@V?$allocator@I@std@@@std@@@2@@Z 00430c00 f i Grid.obj
 0002:0001cdb0       ?_Mask@?$_Vb_reference@U?$_Wrap_alloc@V?$allocator@I@std@@@std@@@std@@IBEIXZ 00430db0 f i Grid.obj
 0002:0001ce00       ?_Myend@?$_Vector_alloc@U?$_Vec_base_types@HV?$allocator@H@std@@@std@@@std@@QAEAAPAHXZ 00430e00 f i Grid.obj
 0002:0001ce60       ?_Myend@?$_Vector_alloc@U?$_Vec_base_types@HV?$allocator@H@std@@@std@@@std@@QBEABQAHXZ 00430e60 f i Grid.obj
 0002:0001cec0       ?_Myend@?$_Vector_alloc@U?$_Vec_base_types@IV?$allocator@_N@std@@@std@@@std@@QAEAAPAIXZ 00430ec0 f i Grid.obj
 0002:0001cf20       ?_Myend@?$_Vector_alloc@U?$_Vec_base_types@IV?$allocator@_N@std@@@std@@@std@@QBEABQAIXZ 00430f20 f i Grid.obj
 0002:0001cf80       ?_Myend@?$_Vector_alloc@U?$_Vec_base_types@VElement@@V?$allocator@VElement@@@std@@@std@@@std@@QAEAAPAVElement@@XZ 00430f80 f i Grid.obj
 0002:0001cfe0       ?_Myend@?$_Vector_alloc@U?$_Vec_base_types@VElement@@V?$allocator@VElement@@@std@@@std@@@std@@QBEABQAVElement@@XZ 00430fe0 f i Grid.obj
 0002:0001d040       ?_Myend@?$_Vector_alloc@U?$_Vec_base_types@VNode@@V?$allocator@VNode@@@std@@@std@@@std@@QAEAAPAVNode@@XZ 00431040 f i Grid.obj
 0002:0001d0a0       ?_Myend@?$_Vector_alloc@U?$_Vec_base_types@VNode@@V?$allocator@VNode@@@std@@@std@@@std@@QBEABQAVNode@@XZ 004310a0 f i Grid.obj
 0002:0001d100       ?_Myfirst@?$_Vector_alloc@U?$_Vec_base_types@HV?$allocator@H@std@@@std@@@std@@QAEAAPAHXZ 00431100 f i Grid.obj
 0002:0001d160       ?_Myfirst@?$_Vector_alloc@U?$_Vec_base_types@HV?$allocator@H@std@@@std@@@std@@QBEABQAHXZ 00431160 f i Grid.obj
 0002:0001d1c0       ?_Myfirst@?$_Vector_alloc@U?$_Vec_base_types@IU?$_Wrap_alloc@V?$allocator@I@std@@@std@@@std@@@std@@QBEABQAIXZ 004311c0 f i Grid.obj
 0002:0001d220       ?_Myfirst@?$_Vector_alloc@U?$_Vec_base_types@IV?$allocator@_N@std@@@std@@@std@@QAEAAPAIXZ 00431220 f i Grid.obj
 0002:0001d280       ?_Myfirst@?$_Vector_alloc@U?$_Vec_base_types@IV?$allocator@_N@std@@@std@@@std@@QBEABQAIXZ 00431280 f i Grid.obj
 0002:0001d2e0       ?_Myfirst@?$_Vector_alloc@U?$_Vec_base_types@VElement@@V?$allocator@VElement@@@std@@@std@@@std@@QAEAAPAVElement@@XZ 004312e0 f i Grid.obj
 0002:0001d340       ?_Myfirst@?$_Vector_alloc@U?$_Vec_base_types@VElement@@V?$allocator@VElement@@@std@@@std@@@std@@QBEABQAVElement@@XZ 00431340 f i Grid.obj
 0002:0001d3a0       ?_Myfirst@?$_Vector_alloc@U?$_Vec_base_types@VNode@@V?$allocator@VNode@@@std@@@std@@@std@@QAEAAPAVNode@@XZ 004313a0 f i Grid.obj
 0002:0001d400       ?_Myfirst@?$_Vector_alloc@U?$_Vec_base_types@VNode@@V?$allocator@VNode@@@std@@@std@@@std@@QBEABQAVNode@@XZ 00431400 f i Grid.obj
 0002:0001d460       ?_Mylast@?$_Vector_alloc@U?$_Vec_base_types@HV?$allocator@H@std@@@std@@@std@@QAEAAPAHXZ 00431460 f i Grid.obj
 0002:0001d4c0       ?_Mylast@?$_Vector_alloc@U?$_Vec_base_types@HV?$allocator@H@std@@@std@@@std@@QBEABQAHXZ 004314c0 f i Grid.obj
 0002:0001d520       ?_Mylast@?$_Vector_alloc@U?$_Vec_base_types@IV?$allocator@_N@std@@@std@@@std@@QAEAAPAIXZ 00431520 f i Grid.obj
 0002:0001d580       ?_Mylast@?$_Vector_alloc@U?$_Vec_base_types@IV?$allocator@_N@std@@@std@@@std@@QBEABQAIXZ 00431580 f i Grid.obj
 0002:0001d5e0       ?_Mylast@?$_Vector_alloc@U?$_Vec_base_types@VElement@@V?$allocator@VElement@@@std@@@std@@@std@@QAEAAPAVElement@@XZ 004315e0 f i Grid.obj
 0002:0001d640       ?_Mylast@?$_Vector_alloc@U?$_Vec_base_types@VElement@@V?$allocator@VElement@@@std@@@std@@@std@@QBEABQAVElement@@XZ 00431640 f i Grid.obj
 0002:0001d6a0       ?_Mylast@?$_Vector_alloc@U?$_Vec_base_types@VNode@@V?$allocator@VNode@@@std@@@std@@@std@@QAEAAPAVNode@@XZ 004316a0 f i Grid.obj
 0002:0001d700       ?_Mylast@?$_Vector_alloc@U?$_Vec_base_types@VNode@@V?$allocator@VNode@@@std@@@std@@@std@@QBEABQAVNode@@XZ 00431700 f i Grid.obj
 0002:0001d760       ?_Myproxy@?$_Vector_alloc@U?$_Vec_base_types@HV?$allocator@H@std@@@std@@@std@@QAEAAPAU_Container_proxy@2@XZ 00431760 f i Grid.obj
 0002:0001d7b0       ?_Myproxy@?$_Vector_alloc@U?$_Vec_base_types@IV?$allocator@_N@std@@@std@@@std@@QAEAAPAU_Container_proxy@2@XZ 004317b0 f i Grid.obj
 0002:0001d800       ?_Myproxy@?$_Vector_alloc@U?$_Vec_base_types@VElement@@V?$allocator@VElement@@@std@@@std@@@std@@QAEAAPAU_Container_proxy@2@XZ 00431800 f i Grid.obj
[...]
 0003:00006a4c       __CT??_R0?AVbad_alloc@std@@@8??0bad_alloc@std@@QAE@ABV01@@Z12 00447a4c     MSVCRTD:throw_bad_alloc.obj
 0003:00006a6c       __TI3?AVbad_array_new_length@std@@ 00447a6c     MSVCRTD:throw_bad_alloc.obj
 0003:00006a80       __CTA3?AVbad_array_new_length@std@@ 00447a80     MSVCRTD:throw_bad_alloc.obj
 0003:00006a94       __CT??_R0?AVbad_array_new_length@std@@@8??0bad_array_new_length@std@@QAE@ABV01@@Z12 00447a94     MSVCRTD:throw_bad_alloc.obj
 0004:00000000       ?__LINE__Var@?0??_Allocate@std@@YAPAXII_N@Z@4JA 00448000     GlobalData.obj
 0004:00000004       ?__LINE__Var@?0??_Deallocate@std@@YAXPAXII@Z@4JA 00448004     GlobalData.obj
 0004:00000008       ___security_cookie_complement 00448008     MSVCRTD:gs_cookie.obj
 0004:0000000c       ___security_cookie         0044800c     MSVCRTD:gs_cookie.obj
 0004:00000014       __fltused                  00448014     MSVCRTD:fltused.obj
 0004:00000018       ___scrt_native_dllmain_reason 00448018     MSVCRTD:utility.obj
 0004:0000001c       ?_RTC_ErrorLevels@@3PAHA   0044801c     MSVCRTD:_error_.obj
 0004:00000034       ___scrt_default_matherr    00448034     MSVCRTD:matherr.obj
 0004:00000038       ___isa_enabled             00448038     MSVCRTD:_cpu_disp_.obj
 0004:0000003c       ___scrt_ucrt_dll_is_in_use 0044803c     MSVCRTD:ucrt_stubs.obj
 0004:00000148       ??_R0?AVexception@std@@@8  00448148     GlobalData.obj
 0004:0000016c       ??_R0?AVbad_cast@std@@@8   0044816c     GlobalData.obj
 0004:0000018c       ??_R0?AV?$basic_filebuf@DU?$char_traits@D@std@@@std@@@8 0044818c     GlobalData.obj
 0004:000001d4       ??_R0?AV?$basic_streambuf@DU?$char_traits@D@std@@@std@@@8 004481d4     GlobalData.obj
 0004:0000021c       ??_R0?AV?$basic_fstream@DU?$char_traits@D@std@@@std@@@8 0044821c     GlobalData.obj
 0004:00000264       ??_R0?AV?$basic_iostream@DU?$char_traits@D@std@@@std@@@8 00448264     GlobalData.obj
 0004:000002ac       ??_R0?AV?$basic_istream@DU?$char_traits@D@std@@@std@@@8 004482ac     GlobalData.obj
 0004:000002f4       ??_R0?AV?$basic_ios@DU?$char_traits@D@std@@@std@@@8 004482f4     GlobalData.obj
 0004:00000334       ??_R0?AVios_base@std@@@8   00448334     GlobalData.obj
 0004:00000354       ??_R0?AV?$_Iosb@H@std@@@8  00448354     GlobalData.obj
 0004:00000378       ??_R0?AV?$basic_ostream@DU?$char_traits@D@std@@@std@@@8 00448378     GlobalData.obj
 0004:000003c0       ??_R0?AVtype_info@@@8      004483c0     MSVCRTD:std_type_info_static.obj
 0004:000003dc       ??_R0?AVbad_alloc@std@@@8  004483dc     MSVCRTD:throw_bad_alloc.obj
 0004:00000400       ??_R0?AVbad_array_new_length@std@@@8 00448400     MSVCRTD:throw_bad_alloc.obj
 0004:00000540       ?_Stinit@?1??_Init@?$basic_filebuf@DU?$char_traits@D@std@@@std@@IAEXPAU_iobuf@@W4_Initfl@23@@Z@4U_Mbstatet@@A 00448540     GlobalData.obj
 0004:0000054c       ?_Psave@?$_Facetptr@V?$codecvt@DDU_Mbstatet@@@std@@@std@@2PBVfacet@locale@2@B 0044854c     GlobalData.obj
 0004:00000550       ?_OptionsStorage@?1??__local_stdio_printf_options@@9@4_KA 00448550     Grid.obj
 0004:00000564       ___scrt_current_native_startup_state 00448564     MSVCRTD:utility.obj
 0004:00000568       ___scrt_native_startup_lock 00448568     MSVCRTD:utility.obj
 0004:00000958       ?__type_info_root_node@@3U__type_info_node@@A 00448958     MSVCRTD:tncleanup.obj
 0004:00000968       ?_OptionsStorage@?1??__local_stdio_scanf_options@@9@4_KA 00448968     MSVCRTD:default_local_stdio_options.obj
 0004:00000974       ___scrt_debugger_hook_flag 00448974     MSVCRTD:utility_desktop.obj
 0004:00000978       ___isa_available           00448978     MSVCRTD:_cpu_disp_.obj
 0004:0000097c       ___favor                   0044897c     MSVCRTD:_cpu_disp_.obj
 0004:0000098c       ___dyn_tls_dtor_callback   0044898c     <common>
 0004:00000998       ___dyn_tls_init_callback   00448998     <common>
 0005:00000000       __imp__RaiseException@16   00449000     kernel32:KERNEL32.dll
 0005:00000004       __imp__MultiByteToWideChar@24 00449004     kernel32:KERNEL32.dll
 0005:00000008       __imp__WideCharToMultiByte@32 00449008     kernel32:KERNEL32.dll
 0005:0000000c       __imp__UnhandledExceptionFilter@4 0044900c     kernel32:KERNEL32.dll
 0005:00000010       __imp__SetUnhandledExceptionFilter@4 00449010     kernel32:KERNEL32.dll
 0005:00000014       __imp__GetCurrentProcess@0 00449014     kernel32:KERNEL32.dll
 0005:00000018       __imp__TerminateProcess@8  00449018     kernel32:KERNEL32.dll
 0005:0000001c       __imp__IsProcessorFeaturePresent@4 0044901c     kernel32:KERNEL32.dll
 0005:00000020       __imp__QueryPerformanceCounter@4 00449020     kernel32:KERNEL32.dll
 0005:00000024       __imp__GetCurrentProcessId@0 00449024     kernel32:KERNEL32.dll
 0005:00000028       __imp__GetCurrentThreadId@0 00449028     kernel32:KERNEL32.dll
 0005:0000002c       __imp__GetSystemTimeAsFileTime@4 0044902c     kernel32:KERNEL32.dll
 0005:00000030       __imp__InitializeSListHead@4 00449030     kernel32:KERNEL32.dll
 0005:00000034       __imp__GetStartupInfoW@4   00449034     kernel32:KERNEL32.dll
 0005:00000038       __imp__GetModuleHandleW@4  00449038     kernel32:KERNEL32.dll
 0005:0000003c       __imp__GetLastError@0      0044903c     kernel32:KERNEL32.dll
 0005:00000040       __imp__HeapAlloc@12        00449040     kernel32:KERNEL32.dll
 0005:00000044       __imp__HeapFree@12         00449044     kernel32:KERNEL32.dll
 0005:00000048       __imp__GetProcessHeap@0    00449048     kernel32:KERNEL32.dll
 0005:0000004c       __imp__VirtualQuery@12     0044904c     kernel32:KERNEL32.dll
 0005:00000050       __imp__FreeLibrary@4       00449050     kernel32:KERNEL32.dll
 0005:00000054       __imp__GetProcAddress@8    00449054     kernel32:KERNEL32.dll
 0005:00000058       __imp__IsDebuggerPresent@0 00449058     kernel32:KERNEL32.dll
 0005:0000005c       \177KERNEL32_NULL_THUNK_DATA 0044905c     kernel32:KERNEL32.dll
 0005:00000098       __imp_?gptr@?$basic_streambuf@DU?$char_traits@D@std@@@std@@IBEPADXZ 00449098     msvcprtd:MSVCP140D.dll
 0005:0000009c       __imp_?pptr@?$basic_streambuf@DU?$char_traits@D@std@@@std@@IBEPADXZ 0044909c     msvcprtd:MSVCP140D.dll
 0005:000000a0       __imp_?egptr@?$basic_streambuf@DU?$char_traits@D@std@@@std@@IBEPADXZ 004490a0     msvcprtd:MSVCP140D.dll
 0005:000000a4       __imp_?setg@?$basic_streambuf@DU?$char_traits@D@std@@@std@@IAEXPAD00@Z 004490a4     msvcprtd:MSVCP140D.dll
 0005:000000a8       __imp_?epptr@?$basic_streambuf@DU?$char_traits@D@std@@@std@@IBEPADXZ 004490a8     msvcprtd:MSVCP140D.dll
 0005:000000ac       __imp_?_Gndec@?$basic_streambuf@DU?$char_traits@D@std@@@std@@IAEPADXZ 004490ac     msvcprtd:MSVCP140D.dll
 0005:000000b0       __imp_?_Gninc@?$basic_streambuf@DU?$char_traits@D@std@@@std@@IAEPADXZ 004490b0     msvcprtd:MSVCP140D.dll
 0005:000000b4       __imp_?_Pninc@?$basic_streambuf@DU?$char_traits@D@std@@@std@@IAEPADXZ 004490b4     msvcprtd:MSVCP140D.dll
 0005:000000b8       __imp_?_Init@?$basic_streambuf@DU?$char_traits@D@std@@@std@@IAEXXZ 004490b8     msvcprtd:MSVCP140D.dll
 0005:000000bc       __imp_?_Init@?$basic_streambuf@DU?$char_traits@D@std@@@std@@IAEXPAPAD0PAH001@Z 004490bc     msvcprtd:MSVCP140D.dll
 0005:000000c0       __imp_??1?$basic_ios@DU?$char_traits@D@std@@@std@@UAE@XZ 004490c0     msvcprtd:MSVCP140D.dll
 0005:000000c4       __imp_?clear@?$basic_ios@DU?$char_traits@D@std@@@std@@QAEXH_N@Z 004490c4     msvcprtd:MSVCP140D.dll
 0005:000000c8       __imp_?setstate@?$basic_ios@DU?$char_traits@D@std@@@std@@QAEXH_N@Z 004490c8     msvcprtd:MSVCP140D.dll
 0005:000000cc       __imp_?tie@?$basic_ios@DU?$char_traits@D@std@@@std@@QBEPAV?$basic_ostream@DU?$char_traits@D@std@@@2@XZ 004490cc     msvcprtd:MSVCP140D.dll
 0005:000000d0       __imp_?rdbuf@?$basic_ios@DU?$char_traits@D@std@@@std@@QBEPAV?$basic_streambuf@DU?$char_traits@D@std@@@2@XZ 004490d0     msvcprtd:MSVCP140D.dll
 0005:000000d4       __imp_?fill@?$basic_ios@DU?$char_traits@D@std@@@std@@QBEDXZ 004490d4     msvcprtd:MSVCP140D.dll
 0005:000000d8       __imp_?widen@?$basic_ios@DU?$char_traits@D@std@@@std@@QBEDD@Z 004490d8     msvcprtd:MSVCP140D.dll
 0005:000000dc       __imp_??0?$basic_ios@DU?$char_traits@D@std@@@std@@IAE@XZ 004490dc     msvcprtd:MSVCP140D.dll
 0005:000000e0       __imp_?eback@?$basic_streambuf@DU?$char_traits@D@std@@@std@@IBEPADXZ 004490e0     msvcprtd:MSVCP140D.dll
 0005:000000e4       __imp_??6?$basic_ostream@DU?$char_traits@D@std@@@std@@QAEAAV01@P6AAAV01@AAV01@@Z@Z 004490e4     msvcprtd:MSVCP140D.dll
 0005:000000e8       __imp_?put@?$basic_ostream@DU?$char_traits@D@std@@@std@@QAEAAV12@D@Z 004490e8     msvcprtd:MSVCP140D.dll
 0005:000000ec       __imp_?flush@?$basic_ostream@DU?$char_traits@D@std@@@std@@QAEAAV12@XZ 004490ec     msvcprtd:MSVCP140D.dll
 0005:000000f0       __imp_??5?$basic_istream@DU?$char_traits@D@std@@@std@@QAEAAV01@AAH@Z 004490f0     msvcprtd:MSVCP140D.dll
 0005:000000f4       __imp_??5?$basic_istream@DU?$char_traits@D@std@@@std@@QAEAAV01@AAN@Z 004490f4     msvcprtd:MSVCP140D.dll
 0005:000000f8       __imp_??0?$basic_iostream@DU?$char_traits@D@std@@@std@@QAE@PAV?$basic_streambuf@DU?$char_traits@D@std@@@1@@Z 004490f8     msvcprtd:MSVCP140D.dll
 0005:000000fc       __imp_??1?$basic_iostream@DU?$char_traits@D@std@@@std@@UAE@XZ 004490fc     msvcprtd:MSVCP140D.dll
 0005:00000100       __imp_?_Fiopen@std@@YAPAU_iobuf@@PBDHH@Z 00449100     msvcprtd:MSVCP140D.dll
 0005:00000104       __imp_?showmanyc@?$basic_streambuf@DU?$char_traits@D@std@@@std@@MAE_JXZ 00449104     msvcprtd:MSVCP140D.dll
 0005:00000108       __imp_?xsgetn@?$basic_streambuf@DU?$char_traits@D@std@@@std@@MAE_JPAD_J@Z 00449108     msvcprtd:MSVCP140D.dll
 0005:0000010c       __imp_?xsputn@?$basic_streambuf@DU?$char_traits@D@std@@@std@@MAE_JPBD_J@Z 0044910c     msvcprtd:MSVCP140D.dll
 0005:00000110       __imp_?_BADOFF@std@@3_JB   00449110     msvcprtd:MSVCP140D.dll
 0005:00000114       __imp_?id@?$codecvt@DDU_Mbstatet@@@std@@2V0locale@2@A 00449114     msvcprtd:MSVCP140D.dll
 0005:00000118       __imp_?cout@std@@3V?$basic_ostream@DU?$char_traits@D@std@@@1@A 00449118     msvcprtd:MSVCP140D.dll
 0005:0000011c       __imp_??6?$basic_ostream@DU?$char_traits@D@std@@@std@@QAEAAV01@H@Z 0044911c     msvcprtd:MSVCP140D.dll
 0005:00000120       __imp_??6?$basic_ostream@DU?$char_traits@D@std@@@std@@QAEAAV01@N@Z 00449120     msvcprtd:MSVCP140D.dll
 0005:00000124       __imp_?sputn@?$basic_streambuf@DU?$char_traits@D@std@@@std@@QAE_JPBD_J@Z 00449124     msvcprtd:MSVCP140D.dll
 0005:00000128       __imp_?sputc@?$basic_streambuf@DU?$char_traits@D@std@@@std@@QAEHD@Z 00449128     msvcprtd:MSVCP140D.dll
 0005:0000012c       __imp_?getloc@?$basic_streambuf@DU?$char_traits@D@std@@@std@@QBE?AVlocale@2@XZ 0044912c     msvcprtd:MSVCP140D.dll
 0005:00000130       __imp_??1?$basic_streambuf@DU?$char_traits@D@std@@@std@@UAE@XZ 00449130     msvcprtd:MSVCP140D.dll
 0005:00000134       __imp_??0?$basic_streambuf@DU?$char_traits@D@std@@@std@@IAE@XZ 00449134     msvcprtd:MSVCP140D.dll
 0005:00000138       __imp_?width@ios_base@std@@QAE_J_J@Z 00449138     msvcprtd:MSVCP140D.dll
 0005:0000013c       __imp_?width@ios_base@std@@QBE_JXZ 0044913c     msvcprtd:MSVCP140D.dll
 0005:00000140       __imp_?flags@ios_base@std@@QBEHXZ 00449140     msvcprtd:MSVCP140D.dll
 0005:00000144       __imp_?good@ios_base@std@@QBE_NXZ 00449144     msvcprtd:MSVCP140D.dll
 0005:00000148       __imp_?_Getcat@?$codecvt@DDU_Mbstatet@@@std@@SAIPAPBVfacet@locale@2@PBV42@@Z 00449148     msvcprtd:MSVCP140D.dll
 0005:0000014c       __imp_?unshift@?$codecvt@DDU_Mbstatet@@@std@@QBEHAAU_Mbstatet@@PAD1AAPAD@Z 0044914c     msvcprtd:MSVCP140D.dll
 0005:00000150       __imp_?out@?$codecvt@DDU_Mbstatet@@@std@@QBEHAAU_Mbstatet@@PBD1AAPBDPAD3AAPAD@Z 00449150     msvcprtd:MSVCP140D.dll
 0005:00000154       __imp_?in@?$codecvt@DDU_Mbstatet@@@std@@QBEHAAU_Mbstatet@@PBD1AAPBDPAD3AAPAD@Z 00449154     msvcprtd:MSVCP140D.dll
 0005:00000158       __imp_?always_noconv@codecvt_base@std@@QBE_NXZ 00449158     msvcprtd:MSVCP140D.dll
 0005:0000015c       __imp_?_Getgloballocale@locale@std@@CAPAV_Locimp@12@XZ 0044915c     msvcprtd:MSVCP140D.dll
 0005:00000160       __imp_??Bid@locale@std@@QAEIXZ 00449160     msvcprtd:MSVCP140D.dll
 0005:00000164       __imp_?_Xout_of_range@std@@YAXPBD@Z 00449164     msvcprtd:MSVCP140D.dll
 0005:00000168       __imp_?_Xlength_error@std@@YAXPBD@Z 00449168     msvcprtd:MSVCP140D.dll
 0005:0000016c       __imp_?_Xbad_alloc@std@@YAXXZ 0044916c     msvcprtd:MSVCP140D.dll
 0005:00000170       __imp_??0_Lockit@std@@QAE@H@Z 00449170     msvcprtd:MSVCP140D.dll
 0005:00000174       __imp_?_Debug_message@std@@YAXPB_W0I@Z 00449174     msvcprtd:MSVCP140D.dll
 0005:00000178       __imp_?uncaught_exception@std@@YA_NXZ 00449178     msvcprtd:MSVCP140D.dll
 0005:0000017c       __imp_??1_Lockit@std@@QAE@XZ 0044917c     msvcprtd:MSVCP140D.dll
 0005:00000180       __imp_?_Osfx@?$basic_ostream@DU?$char_traits@D@std@@@std@@QAEXXZ 00449180     msvcprtd:MSVCP140D.dll
 0005:00000184       \177MSVCP140D_NULL_THUNK_DATA 00449184     msvcprtd:MSVCP140D.dll
 0005:000001dc       __imp__memcpy              004491dc     vcruntimed:VCRUNTIME140D.dll
 0005:000001e0       __imp__memset              004491e0     vcruntimed:VCRUNTIME140D.dll
 0005:000001e4       __imp____std_exception_copy 004491e4     vcruntimed:VCRUNTIME140D.dll
 0005:000001e8       __imp____std_exception_destroy 004491e8     vcruntimed:VCRUNTIME140D.dll
 0005:000001ec       __imp___CxxThrowException@8 004491ec     vcruntimed:VCRUNTIME140D.dll
 0005:000001f0       __imp____CxxFrameHandler3  004491f0     vcruntimed:VCRUNTIME140D.dll
 0005:000001f4       __imp____std_type_info_destroy_list 004491f4     vcruntimed:VCRUNTIME140D.dll
 0005:000001f8       __imp___except_handler4_common 004491f8     vcruntimed:VCRUNTIME140D.dll
 0005:000001fc       __imp____vcrt_GetModuleFileNameW 004491fc     vcruntimed:VCRUNTIME140D.dll
 0005:00000200       __imp____vcrt_GetModuleHandleW 00449200     vcruntimed:VCRUNTIME140D.dll
 0005:00000204       __imp____vcrt_LoadLibraryExW 00449204     vcruntimed:VCRUNTIME140D.dll
 0005:00000208       __imp__memmove             00449208     vcruntimed:VCRUNTIME140D.dll
 0005:0000020c       \177VCRUNTIME140D_NULL_THUNK_DATA 0044920c     vcruntimed:VCRUNTIME140D.dll
 0005:00000240       __imp___callnewh           00449240     ucrtd:ucrtbased.dll
 0005:00000244       __imp__malloc              00449244     ucrtd:ucrtbased.dll
 0005:00000248       __imp___CrtDbgReport       00449248     ucrtd:ucrtbased.dll
 0005:0000024c       __imp___seh_filter_exe     0044924c     ucrtd:ucrtbased.dll
 0005:00000250       __imp___set_app_type       00449250     ucrtd:ucrtbased.dll
 0005:00000254       __imp____setusermatherr    00449254     ucrtd:ucrtbased.dll
 0005:00000258       __imp___configure_narrow_argv 00449258     ucrtd:ucrtbased.dll
 0005:0000025c       __imp___initialize_narrow_environment 0044925c     ucrtd:ucrtbased.dll
 0005:00000260       __imp___get_initial_narrow_environment 00449260     ucrtd:ucrtbased.dll
 0005:00000264       __imp___initterm           00449264     ucrtd:ucrtbased.dll
 0005:00000268       __imp___initterm_e         00449268     ucrtd:ucrtbased.dll
 0005:0000026c       __imp__exit                0044926c     ucrtd:ucrtbased.dll
 0005:00000270       __imp___exit               00449270     ucrtd:ucrtbased.dll
 0005:00000274       __imp___set_fmode          00449274     ucrtd:ucrtbased.dll
 0005:00000278       __imp____p___argc          00449278     ucrtd:ucrtbased.dll
 0005:0000027c       __imp____p___argv          0044927c     ucrtd:ucrtbased.dll
 0005:00000280       __imp___cexit              00449280     ucrtd:ucrtbased.dll
 0005:00000284       __imp___c_exit             00449284     ucrtd:ucrtbased.dll
 0005:00000288       __imp___register_thread_local_exe_atexit_callback 00449288     ucrtd:ucrtbased.dll
 0005:0000028c       __imp___configthreadlocale 0044928c     ucrtd:ucrtbased.dll
 0005:00000290       __imp___set_new_mode       00449290     ucrtd:ucrtbased.dll
 0005:00000294       __imp____p__commode        00449294     ucrtd:ucrtbased.dll
 0005:00000298       __imp___seh_filter_dll     00449298     ucrtd:ucrtbased.dll
 0005:0000029c       __imp___malloc_dbg         0044929c     ucrtd:ucrtbased.dll
 0005:000002a0       __imp___register_onexit_function 004492a0     ucrtd:ucrtbased.dll
 0005:000002a4       __imp___execute_onexit_table 004492a4     ucrtd:ucrtbased.dll
 0005:000002a8       __imp___crt_atexit         004492a8     ucrtd:ucrtbased.dll
 0005:000002ac       __imp___crt_at_quick_exit  004492ac     ucrtd:ucrtbased.dll
 0005:000002b0       __imp__strcpy_s            004492b0     ucrtd:ucrtbased.dll
 0005:000002b4       __imp__strcat_s            004492b4     ucrtd:ucrtbased.dll
 0005:000002b8       __imp____stdio_common_vsprintf_s 004492b8     ucrtd:ucrtbased.dll
 0005:000002bc       __imp___controlfp_s        004492bc     ucrtd:ucrtbased.dll
 0005:000002c0       __imp__terminate           004492c0     ucrtd:ucrtbased.dll
 0005:000002c4       __imp___wmakepath_s        004492c4     ucrtd:ucrtbased.dll
 0005:000002c8       __imp___wsplitpath_s       004492c8     ucrtd:ucrtbased.dll
 0005:000002cc       __imp__wcscpy_s            004492cc     ucrtd:ucrtbased.dll
 0005:000002d0       __imp___fseeki64           004492d0     ucrtd:ucrtbased.dll
 0005:000002d4       __imp__fsetpos             004492d4     ucrtd:ucrtbased.dll
 0005:000002d8       __imp__fputc               004492d8     ucrtd:ucrtbased.dll
 0005:000002dc       __imp__fgetpos             004492dc     ucrtd:ucrtbased.dll
 0005:000002e0       __imp__fflush              004492e0     ucrtd:ucrtbased.dll
 0005:000002e4       __imp__fclose              004492e4     ucrtd:ucrtbased.dll
 0005:000002e8       __imp___get_stream_buffer_pointers 004492e8     ucrtd:ucrtbased.dll
 0005:000002ec       __imp___errno              004492ec     ucrtd:ucrtbased.dll
 0005:000002f0       __imp___invalid_parameter_noinfo 004492f0     ucrtd:ucrtbased.dll
 0005:000002f4       __imp___invalid_parameter  004492f4     ucrtd:ucrtbased.dll
 0005:000002f8       __imp___free_dbg           004492f8     ucrtd:ucrtbased.dll
 0005:000002fc       __imp__system              004492fc     ucrtd:ucrtbased.dll
 0005:00000300       __imp____stdio_common_vfprintf 00449300     ucrtd:ucrtbased.dll
 0005:00000304       __imp____acrt_iob_func     00449304     ucrtd:ucrtbased.dll
 0005:00000308       __imp__fabs                00449308     ucrtd:ucrtbased.dll
 0005:0000030c       __imp___CrtDbgReportW      0044930c     ucrtd:ucrtbased.dll
 0005:00000310       __imp__strlen              00449310     ucrtd:ucrtbased.dll
 0005:00000314       __imp___unlock_file        00449314     ucrtd:ucrtbased.dll
 0005:00000318       __imp___lock_file          00449318     ucrtd:ucrtbased.dll
 0005:0000031c       __imp__ungetc              0044931c     ucrtd:ucrtbased.dll
 0005:00000320       __imp__setvbuf             00449320     ucrtd:ucrtbased.dll
 0005:00000324       __imp___initialize_onexit_table 00449324     ucrtd:ucrtbased.dll
 0005:00000328       __imp__fwrite              00449328     ucrtd:ucrtbased.dll
 0005:0000032c       __imp__fgetc               0044932c     ucrtd:ucrtbased.dll
 0005:00000330       \177ucrtbased_NULL_THUNK_DATA 00449330     ucrtd:ucrtbased.dll
 0005:0000038c       __IMPORT_DESCRIPTOR_MSVCP140D 0044938c     msvcprtd:MSVCP140D.dll
 0005:000003a0       __IMPORT_DESCRIPTOR_VCRUNTIME140D 004493a0     vcruntimed:VCRUNTIME140D.dll
 0005:000003b4       __IMPORT_DESCRIPTOR_ucrtbased 004493b4     ucrtd:ucrtbased.dll
 0005:000003c8       __IMPORT_DESCRIPTOR_KERNEL32 004493c8     kernel32:KERNEL32.dll
 0005:000003dc       __NULL_IMPORT_DESCRIPTOR   004493dc     msvcprtd:MSVCP140D.dll
 0006:00000000       ___guard_check_icall_fptr  0044b000     MSVCRTD:guard_support.obj
